    Finished release [optimized] target(s) in 0.37s
     Running `target/release/jtk assemble -n -vv -t 24 -o test.gfa`
[2021-09-24T02:01:55Z DEBUG jtk] Start Assembly step
[2021-09-24T02:01:55Z DEBUG haplotyper::assemble] Start assembly
[2021-09-24T02:01:55Z DEBUG haplotyper::assemble] Constructing the 0-th ditch graph
[2021-09-24T02:01:55Z DEBUG haplotyper::assemble::ditch_graph] Consed nodes
[2021-09-24T02:01:55Z DEBUG haplotyper::assemble::ditch_graph] COVERAGE	25.500	27.730
[2021-09-24T02:01:55Z DEBUG haplotyper::assemble::copy_number] ISOLATED	TIP	NORMAL
[2021-09-24T02:01:55Z DEBUG haplotyper::assemble::copy_number] 0	3	621
[2021-09-24T02:01:58Z DEBUG haplotyper::assemble::ditch_graph] UNSOUND	230	3279
[2021-09-24T02:01:58Z DEBUG haplotyper::assemble::ditch_graph] REMOVED	188	10
[2021-09-24T02:01:58Z DEBUG haplotyper::assemble::ditch_graph] FOCI	RESOLVE	5.000	4
[2021-09-24T02:01:58Z DEBUG haplotyper::assemble::ditch_graph] FOCI	NUM	229	Before removing weak foci.
[2021-09-24T02:01:58Z DEBUG haplotyper::assemble::ditch_graph] FOCI	NUM	152	Filtered out weak foci.
[2021-09-24T02:01:58Z DEBUG haplotyper::assemble::ditch_graph] FOCI	NUM	152
[2021-09-24T02:01:58Z DEBUG haplotyper::assemble::ditch_graph] FOCUS	TRY	1476,0,H,1803,0,H,3,25.79
[2021-09-24T02:01:58Z DEBUG haplotyper::assemble::ditch_graph] TRACE	0	(1797, 0)	T
[2021-09-24T02:01:58Z DEBUG haplotyper::assemble::ditch_graph] TRACE	1	(1336, 1)	T
[2021-09-24T02:01:58Z DEBUG haplotyper::assemble::ditch_graph] TRACE	2	(1803, 0)	H
[2021-09-24T02:01:58Z DEBUG haplotyper::assemble::ditch_graph] FOCUS	SPAN	1476,0,H,1803,0,H,3,25.79	2148bp
[2021-09-24T02:01:58Z DEBUG haplotyper::assemble::ditch_graph] Removing (1476,0,H)-(1797,0,T)
[2021-09-24T02:01:58Z DEBUG haplotyper::assemble::ditch_graph] Removing (1803,0,H)-(1336,1,H)
[2021-09-24T02:01:58Z DEBUG haplotyper::assemble::ditch_graph] Removing (1797,0,H)-(1336,1,T)
[2021-09-24T02:01:58Z DEBUG haplotyper::assemble::ditch_graph] Removing (1336,1,H)-(1803,1,H)
[2021-09-24T02:01:58Z DEBUG haplotyper::assemble::ditch_graph] Removing (1336,1,H)-(1475,0,T)
[2021-09-24T02:01:58Z DEBUG haplotyper::assemble::ditch_graph] Removing (1336, 1)
[2021-09-24T02:01:58Z DEBUG haplotyper::assemble::ditch_graph] FOCUS	TRY	1202,1,T,1437,1,H,4,18.08
[2021-09-24T02:01:58Z DEBUG haplotyper::assemble::ditch_graph] TRACE	0	(2, 0)	T
[2021-09-24T02:01:58Z DEBUG haplotyper::assemble::ditch_graph] TRACE	1	(1100, 0)	H
[2021-09-24T02:01:58Z DEBUG haplotyper::assemble::ditch_graph] TRACE	2	(1618, 2)	T
[2021-09-24T02:01:58Z DEBUG haplotyper::assemble::ditch_graph] TRACE	3	(1437, 1)	H
[2021-09-24T02:01:58Z DEBUG haplotyper::assemble::ditch_graph] FOCUS	SPAN	1202,1,T,1437,1,H,4,18.08	5633bp
[2021-09-24T02:01:58Z DEBUG haplotyper::assemble::ditch_graph] Removing (1202,1,T)-(2,0,T)
[2021-09-24T02:01:58Z DEBUG haplotyper::assemble::ditch_graph] Removing (1437,1,H)-(1618,2,H)
[2021-09-24T02:01:58Z DEBUG haplotyper::assemble::ditch_graph] Removing (1618,2,T)-(1100,0,T)
[2021-09-24T02:01:58Z DEBUG haplotyper::assemble::ditch_graph] Removing (1100,0,H)-(2,0,H)
[2021-09-24T02:01:58Z DEBUG haplotyper::assemble::ditch_graph] Removing (1100, 0)
[2021-09-24T02:01:58Z DEBUG haplotyper::assemble::ditch_graph] Removing (1618, 2)
[2021-09-24T02:01:58Z DEBUG haplotyper::assemble::ditch_graph] FOCUS	TRY	1143,0,H,1920,1,H,2,15.99
[2021-09-24T02:01:58Z DEBUG haplotyper::assemble::ditch_graph] TRACE	0	(586, 0)	H
[2021-09-24T02:01:58Z DEBUG haplotyper::assemble::ditch_graph] TRACE	1	(1920, 1)	H
[2021-09-24T02:01:58Z DEBUG haplotyper::assemble::ditch_graph] FOCUS	SPAN	1143,0,H,1920,1,H,2,15.99	1831bp
[2021-09-24T02:01:58Z DEBUG haplotyper::assemble::ditch_graph] Removing (1143,0,H)-(586,0,H)
[2021-09-24T02:01:58Z DEBUG haplotyper::assemble::ditch_graph] Removing (1920,1,H)-(586,0,T)
[2021-09-24T02:01:58Z DEBUG haplotyper::assemble::ditch_graph] FOCUS	TRY	1735,1,T,1855,0,T,7,15.63
[2021-09-24T02:01:58Z DEBUG haplotyper::assemble::ditch_graph] TRACE	0	(1384, 1)	H
[2021-09-24T02:01:58Z DEBUG haplotyper::assemble::ditch_graph] TRACE	1	(1743, 1)	T
[2021-09-24T02:01:58Z DEBUG haplotyper::assemble::ditch_graph] TRACE	2	(1841, 0)	T
[2021-09-24T02:01:58Z DEBUG haplotyper::assemble::ditch_graph] TRACE	3	(1128, 1)	H
[2021-09-24T02:01:58Z DEBUG haplotyper::assemble::ditch_graph] TRACE	4	(1844, 0)	H
[2021-09-24T02:01:58Z DEBUG haplotyper::assemble::ditch_graph] TRACE	5	(1698, 0)	T
[2021-09-24T02:01:58Z DEBUG haplotyper::assemble::ditch_graph] TRACE	6	(1855, 0)	T
[2021-09-24T02:01:58Z DEBUG haplotyper::assemble::ditch_graph] FOCUS	SPAN	1735,1,T,1855,0,T,7,15.63	8177bp
[2021-09-24T02:01:58Z DEBUG haplotyper::assemble::ditch_graph] Removing (1735,1,T)-(1384,1,H)
[2021-09-24T02:01:58Z DEBUG haplotyper::assemble::ditch_graph] Removing (1855,0,T)-(1698,0,H)
[2021-09-24T02:01:58Z DEBUG haplotyper::assemble::ditch_graph] Removing (1698,0,T)-(1844,1,T)
[2021-09-24T02:01:58Z DEBUG haplotyper::assemble::ditch_graph] Removing (1844,1,H)-(1128,1,T)
[2021-09-24T02:01:58Z DEBUG haplotyper::assemble::ditch_graph] Removing (1844, 1)
[2021-09-24T02:01:58Z DEBUG haplotyper::assemble::ditch_graph] Removing (1698,0,T)-(1844,0,T)
[2021-09-24T02:01:58Z DEBUG haplotyper::assemble::ditch_graph] Removing (1844,0,H)-(1128,1,T)
[2021-09-24T02:01:58Z DEBUG haplotyper::assemble::ditch_graph] Removing (1128,1,H)-(1841,0,H)
[2021-09-24T02:01:58Z DEBUG haplotyper::assemble::ditch_graph] Removing (1128,1,H)-(1841,1,H)
[2021-09-24T02:01:58Z DEBUG haplotyper::assemble::ditch_graph] Removing (1841,1,T)-(1743,1,H)
[2021-09-24T02:01:58Z DEBUG haplotyper::assemble::ditch_graph] Removing (1841, 1)
[2021-09-24T02:01:58Z DEBUG haplotyper::assemble::ditch_graph] Removing (1128, 1)
[2021-09-24T02:01:58Z DEBUG haplotyper::assemble::ditch_graph] Removing (1844, 0)
[2021-09-24T02:01:58Z DEBUG haplotyper::assemble::ditch_graph] Removing (1698, 0)
[2021-09-24T02:01:58Z DEBUG haplotyper::assemble::ditch_graph] Removing (1735,0,T)-(1384,1,H)
[2021-09-24T02:01:58Z DEBUG haplotyper::assemble::ditch_graph] Removing (1384,1,T)-(1743,1,T)
[2021-09-24T02:01:58Z DEBUG haplotyper::assemble::ditch_graph] Removing (1743,1,H)-(1841,0,T)
[2021-09-24T02:01:58Z DEBUG haplotyper::assemble::ditch_graph] Removing (1743, 1)
[2021-09-24T02:01:58Z DEBUG haplotyper::assemble::ditch_graph] Removing (1384,1,T)-(1743,0,T)
[2021-09-24T02:01:58Z DEBUG haplotyper::assemble::ditch_graph] Removing (1384, 1)
[2021-09-24T02:01:58Z DEBUG haplotyper::assemble::ditch_graph] Removing (1743,0,H)-(1841,0,T)
[2021-09-24T02:01:58Z DEBUG haplotyper::assemble::ditch_graph] Removing (1841,0,H)-(1128,0,H)
[2021-09-24T02:01:58Z DEBUG haplotyper::assemble::ditch_graph] Removing (1841, 0)
[2021-09-24T02:01:58Z DEBUG haplotyper::assemble::ditch_graph] FOCUS	TRY	1875,0,T,1871,0,T,2,15.30
[2021-09-24T02:01:58Z DEBUG haplotyper::assemble::ditch_graph] TRACE	0	(924, 0)	H
[2021-09-24T02:01:58Z DEBUG haplotyper::assemble::ditch_graph] TRACE	1	(1871, 0)	T
[2021-09-24T02:01:58Z DEBUG haplotyper::assemble::ditch_graph] FOCUS	SPAN	1875,0,T,1871,0,T,2,15.30	2010bp
[2021-09-24T02:01:58Z DEBUG haplotyper::assemble::ditch_graph] Removing (1875,0,T)-(924,0,H)
[2021-09-24T02:01:58Z DEBUG haplotyper::assemble::ditch_graph] Removing (1871,0,T)-(924,0,T)
[2021-09-24T02:01:58Z DEBUG haplotyper::assemble::ditch_graph] FOCUS	TRY	762,1,T,1311,1,T,2,15.18
[2021-09-24T02:01:58Z DEBUG haplotyper::assemble::ditch_graph] TRACE	0	(1778, 0)	H
[2021-09-24T02:01:58Z DEBUG haplotyper::assemble::ditch_graph] TRACE	1	(1311, 1)	T
[2021-09-24T02:01:58Z DEBUG haplotyper::assemble::ditch_graph] FOCUS	SPAN	762,1,T,1311,1,T,2,15.18	874bp
[2021-09-24T02:01:58Z DEBUG haplotyper::assemble::ditch_graph] Removing (762,1,T)-(1778,0,H)
[2021-09-24T02:01:58Z DEBUG haplotyper::assemble::ditch_graph] Removing (1311,1,T)-(1778,0,T)
[2021-09-24T02:01:58Z DEBUG haplotyper::assemble::ditch_graph] FOCUS	TRY	413,1,T,1312,0,T,2,14.73
[2021-09-24T02:01:58Z DEBUG haplotyper::assemble::ditch_graph] TRACE	0	(1777, 0)	H
[2021-09-24T02:01:58Z DEBUG haplotyper::assemble::ditch_graph] TRACE	1	(1312, 0)	T
[2021-09-24T02:01:58Z DEBUG haplotyper::assemble::ditch_graph] FOCUS	SPAN	413,1,T,1312,0,T,2,14.73	331bp
[2021-09-24T02:01:58Z DEBUG haplotyper::assemble::ditch_graph] Removing (413,1,T)-(1777,0,H)
[2021-09-24T02:01:58Z DEBUG haplotyper::assemble::ditch_graph] Removing (1312,0,T)-(1777,0,T)
[2021-09-24T02:01:58Z DEBUG haplotyper::assemble::ditch_graph] FOCUS	TRY	244,1,T,874,1,H,3,14.04
[2021-09-24T02:01:58Z DEBUG haplotyper::assemble::ditch_graph] TRACE	0	(873, 0)	H
[2021-09-24T02:01:58Z DEBUG haplotyper::assemble::ditch_graph] TRACE	1	(245, 0)	H
[2021-09-24T02:01:58Z DEBUG haplotyper::assemble::ditch_graph] TRACE	2	(874, 1)	H
[2021-09-24T02:01:58Z DEBUG haplotyper::assemble::ditch_graph] FOCUS	SPAN	244,1,T,874,1,H,3,14.04	4824bp
[2021-09-24T02:01:58Z DEBUG haplotyper::assemble::ditch_graph] Removing (244,1,T)-(873,0,H)
[2021-09-24T02:01:58Z DEBUG haplotyper::assemble::ditch_graph] Removing (874,1,H)-(245,0,T)
[2021-09-24T02:01:58Z DEBUG haplotyper::assemble::ditch_graph] Removing (874,1,H)-(245,1,T)
[2021-09-24T02:01:58Z DEBUG haplotyper::assemble::ditch_graph] Removing (245,1,H)-(873,0,T)
[2021-09-24T02:01:58Z DEBUG haplotyper::assemble::ditch_graph] Removing (245, 1)
[2021-09-24T02:01:58Z DEBUG haplotyper::assemble::ditch_graph] Removing (244,0,T)-(873,0,H)
[2021-09-24T02:01:58Z DEBUG haplotyper::assemble::ditch_graph] Removing (873,0,T)-(245,0,H)
[2021-09-24T02:01:58Z DEBUG haplotyper::assemble::ditch_graph] Removing (873, 0)
[2021-09-24T02:01:58Z DEBUG haplotyper::assemble::ditch_graph] FOCUS	TRY	1790,0,T,1794,0,H,3,13.82
[2021-09-24T02:01:58Z DEBUG haplotyper::assemble::ditch_graph] TRACE	0	(1340, 0)	H
[2021-09-24T02:01:58Z DEBUG haplotyper::assemble::ditch_graph] TRACE	1	(278, 0)	H
[2021-09-24T02:01:58Z DEBUG haplotyper::assemble::ditch_graph] TRACE	2	(1794, 0)	H
[2021-09-24T02:01:58Z DEBUG haplotyper::assemble::ditch_graph] FOCUS	SPAN	1790,0,T,1794,0,H,3,13.82	3878bp
[2021-09-24T02:01:58Z DEBUG haplotyper::assemble::ditch_graph] Removing (1790,0,T)-(1340,0,H)
[2021-09-24T02:01:58Z DEBUG haplotyper::assemble::ditch_graph] Removing (1794,0,H)-(278,0,T)
[2021-09-24T02:01:58Z DEBUG haplotyper::assemble::ditch_graph] FOCUS	TRY	885,0,T,71,1,H,3,13.62
[2021-09-24T02:01:58Z DEBUG haplotyper::assemble::ditch_graph] TRACE	0	(254, 0)	H
[2021-09-24T02:01:58Z DEBUG haplotyper::assemble::ditch_graph] TRACE	1	(1864, 0)	T
[2021-09-24T02:01:58Z DEBUG haplotyper::assemble::ditch_graph] TRACE	2	(71, 1)	H
[2021-09-24T02:01:58Z DEBUG haplotyper::assemble::ditch_graph] FOCUS	SPAN	885,0,T,71,1,H,3,13.62	3768bp
[2021-09-24T02:01:58Z DEBUG haplotyper::assemble::ditch_graph] Removing (885,0,T)-(254,0,H)
[2021-09-24T02:01:58Z DEBUG haplotyper::assemble::ditch_graph] Removing (71,1,H)-(1864,0,H)
[2021-09-24T02:01:58Z DEBUG haplotyper::assemble::ditch_graph] FOCUS	TRY	1900,0,T,1431,1,T,2,12.97
[2021-09-24T02:01:58Z DEBUG haplotyper::assemble::ditch_graph] TRACE	0	(1449, 0)	T
[2021-09-24T02:01:58Z DEBUG haplotyper::assemble::ditch_graph] TRACE	1	(1431, 1)	T
[2021-09-24T02:01:58Z DEBUG haplotyper::assemble::ditch_graph] FOCUS	SPAN	1900,0,T,1431,1,T,2,12.97	1943bp
[2021-09-24T02:01:58Z DEBUG haplotyper::assemble::ditch_graph] Removing (1900,0,T)-(1449,0,T)
[2021-09-24T02:01:58Z DEBUG haplotyper::assemble::ditch_graph] Removing (1431,1,T)-(1449,0,H)
[2021-09-24T02:01:58Z DEBUG haplotyper::assemble::ditch_graph] FOCUS	TRY	1789,0,T,1792,0,H,4,12.87
[2021-09-24T02:01:58Z DEBUG haplotyper::assemble::ditch_graph] TRACE	0	(1158, 0)	H
[2021-09-24T02:01:58Z DEBUG haplotyper::assemble::ditch_graph] TRACE	1	(1788, 0)	T
[2021-09-24T02:01:58Z DEBUG haplotyper::assemble::ditch_graph] TRACE	2	(812, 0)	H
[2021-09-24T02:01:58Z DEBUG haplotyper::assemble::ditch_graph] TRACE	3	(1792, 0)	H
[2021-09-24T02:01:58Z DEBUG haplotyper::assemble::ditch_graph] FOCUS	SPAN	1789,0,T,1792,0,H,4,12.87	6044bp
[2021-09-24T02:01:58Z DEBUG haplotyper::assemble::ditch_graph] Removing (1789,0,T)-(1158,0,H)
[2021-09-24T02:01:58Z DEBUG haplotyper::assemble::ditch_graph] Removing (1792,0,H)-(812,0,T)
[2021-09-24T02:01:58Z DEBUG haplotyper::assemble::ditch_graph] Removing (1792,0,H)-(812,1,T)
[2021-09-24T02:01:58Z DEBUG haplotyper::assemble::ditch_graph] Removing (1788,0,H)-(812,0,H)
[2021-09-24T02:01:58Z DEBUG haplotyper::assemble::ditch_graph] Removing (812,0,T)-(1792,1,H)
[2021-09-24T02:01:58Z DEBUG haplotyper::assemble::ditch_graph] Removing (1792,1,T)-(1159,0,H)
[2021-09-24T02:01:58Z DEBUG haplotyper::assemble::ditch_graph] Removing (1792, 1)
[2021-09-24T02:01:58Z DEBUG haplotyper::assemble::ditch_graph] Removing (812,0,T)-(1159,0,H)
[2021-09-24T02:01:58Z DEBUG haplotyper::assemble::ditch_graph] Removing (812, 0)
[2021-09-24T02:01:58Z DEBUG haplotyper::assemble::ditch_graph] FOCUS	TRY	1825,0,T,1813,0,H,7,12.78
[2021-09-24T02:01:58Z DEBUG haplotyper::assemble::ditch_graph] TRACE	0	(799, 0)	H
[2021-09-24T02:01:58Z DEBUG haplotyper::assemble::ditch_graph] TRACE	1	(1820, 0)	H
[2021-09-24T02:01:58Z DEBUG haplotyper::assemble::ditch_graph] TRACE	2	(1314, 0)	H
[2021-09-24T02:01:58Z DEBUG haplotyper::assemble::ditch_graph] TRACE	3	(1832, 0)	T
[2021-09-24T02:01:58Z DEBUG haplotyper::assemble::ditch_graph] TRACE	4	(800, 1)	H
[2021-09-24T02:01:58Z DEBUG haplotyper::assemble::ditch_graph] TRACE	5	(633, 0)	H
[2021-09-24T02:01:58Z DEBUG haplotyper::assemble::ditch_graph] TRACE	6	(1813, 0)	H
[2021-09-24T02:01:58Z DEBUG haplotyper::assemble::ditch_graph] FOCUS	SPAN	1825,0,T,1813,0,H,7,12.78	10160bp
[2021-09-24T02:01:58Z DEBUG haplotyper::assemble::ditch_graph] Removing (1825,0,T)-(799,0,H)
[2021-09-24T02:01:58Z DEBUG haplotyper::assemble::ditch_graph] Removing (1813,0,H)-(633,0,T)
[2021-09-24T02:01:58Z DEBUG haplotyper::assemble::ditch_graph] FOCUS	TRY	1825,1,T,1813,1,H,7,12.53
[2021-09-24T02:01:58Z DEBUG haplotyper::assemble::ditch_graph] TRACE	0	(799, 0)	H
[2021-09-24T02:01:58Z DEBUG haplotyper::assemble::ditch_graph] TRACE	1	(1820, 0)	H
[2021-09-24T02:01:58Z DEBUG haplotyper::assemble::ditch_graph] TRACE	2	(1314, 0)	H
[2021-09-24T02:01:58Z DEBUG haplotyper::assemble::ditch_graph] TRACE	3	(1832, 0)	T
[2021-09-24T02:01:58Z DEBUG haplotyper::assemble::ditch_graph] TRACE	4	(800, 1)	H
[2021-09-24T02:01:58Z DEBUG haplotyper::assemble::ditch_graph] TRACE	5	(633, 0)	H
[2021-09-24T02:01:58Z DEBUG haplotyper::assemble::ditch_graph] TRACE	6	(1813, 1)	H
[2021-09-24T02:01:58Z DEBUG haplotyper::assemble::ditch_graph] FOCUS	SPAN	1825,1,T,1813,1,H,7,12.53	10160bp
[2021-09-24T02:01:58Z DEBUG haplotyper::assemble::ditch_graph] Removing (1825,1,T)-(799,0,H)
[2021-09-24T02:01:58Z DEBUG haplotyper::assemble::ditch_graph] Removing (1813,1,H)-(633,0,T)
[2021-09-24T02:01:58Z DEBUG haplotyper::assemble::ditch_graph] Removing (1832,0,H)-(800,1,H)
[2021-09-24T02:01:58Z DEBUG haplotyper::assemble::ditch_graph] Removing (800,1,T)-(633,0,H)
[2021-09-24T02:01:58Z DEBUG haplotyper::assemble::ditch_graph] Removing (800, 1)
[2021-09-24T02:01:58Z DEBUG haplotyper::assemble::ditch_graph] FOCUS	TRY	252,1,T,1838,0,H,6,12.39
[2021-09-24T02:01:58Z DEBUG haplotyper::assemble::ditch_graph] Met stronger focus.
[2021-09-24T02:01:58Z DEBUG haplotyper::assemble::ditch_graph] FOCUS	TRY	1137,0,H,1889,0,H,2,12.26
[2021-09-24T02:01:58Z DEBUG haplotyper::assemble::ditch_graph] TRACE	0	(919, 0)	H
[2021-09-24T02:01:58Z DEBUG haplotyper::assemble::ditch_graph] TRACE	1	(1889, 0)	H
[2021-09-24T02:01:58Z DEBUG haplotyper::assemble::ditch_graph] FOCUS	SPAN	1137,0,H,1889,0,H,2,12.26	1949bp
[2021-09-24T02:01:58Z DEBUG haplotyper::assemble::ditch_graph] Removing (1137,0,H)-(919,0,H)
[2021-09-24T02:01:58Z DEBUG haplotyper::assemble::ditch_graph] Removing (1889,0,H)-(919,0,T)
[2021-09-24T02:01:58Z DEBUG haplotyper::assemble::ditch_graph] FOCUS	TRY	1838,1,T,71,1,H,4,12.11
[2021-09-24T02:01:58Z DEBUG haplotyper::assemble::ditch_graph] Met stronger focus.
[2021-09-24T02:01:58Z DEBUG haplotyper::assemble::ditch_graph] FOCUS	TRY	1942,1,H,1562,1,H,7,12.10
[2021-09-24T02:01:58Z DEBUG haplotyper::assemble::ditch_graph] TRACE	0	(192, 0)	T
[2021-09-24T02:01:58Z DEBUG haplotyper::assemble::ditch_graph] TRACE	1	(1909, 1)	T
[2021-09-24T02:01:58Z DEBUG haplotyper::assemble::ditch_graph] TRACE	2	(191, 0)	T
[2021-09-24T02:01:58Z DEBUG haplotyper::assemble::ditch_graph] TRACE	3	(1937, 0)	H
[2021-09-24T02:01:58Z DEBUG haplotyper::assemble::ditch_graph] TRACE	4	(1039, 0)	H
[2021-09-24T02:01:58Z DEBUG haplotyper::assemble::ditch_graph] TRACE	5	(190, 0)	T
[2021-09-24T02:01:58Z DEBUG haplotyper::assemble::ditch_graph] TRACE	6	(1562, 1)	H
[2021-09-24T02:01:58Z DEBUG haplotyper::assemble::ditch_graph] FOCUS	SPAN	1942,1,H,1562,1,H,7,12.10	9141bp
[2021-09-24T02:01:58Z DEBUG haplotyper::assemble::ditch_graph] Removing (1942,1,H)-(192,0,T)
[2021-09-24T02:01:58Z DEBUG haplotyper::assemble::ditch_graph] Removing (1562,1,H)-(190,0,H)
[2021-09-24T02:01:58Z DEBUG haplotyper::assemble::ditch_graph] Removing (192,0,H)-(1909,1,T)
[2021-09-24T02:01:58Z DEBUG haplotyper::assemble::ditch_graph] Removing (1909,1,H)-(191,0,T)
[2021-09-24T02:01:58Z DEBUG haplotyper::assemble::ditch_graph] Removing (191,0,H)-(1937,0,H)
[2021-09-24T02:01:58Z DEBUG haplotyper::assemble::ditch_graph] Removing (191, 0)
[2021-09-24T02:01:58Z DEBUG haplotyper::assemble::ditch_graph] Removing (1909, 1)
[2021-09-24T02:01:58Z DEBUG haplotyper::assemble::ditch_graph] Removing (1937,0,T)-(1039,0,H)
[2021-09-24T02:01:58Z DEBUG haplotyper::assemble::ditch_graph] Removing (1039,0,T)-(190,0,T)
[2021-09-24T02:01:58Z DEBUG haplotyper::assemble::ditch_graph] Removing (190,0,H)-(1562,0,H)
[2021-09-24T02:01:58Z DEBUG haplotyper::assemble::ditch_graph] Removing (190, 0)
[2021-09-24T02:01:58Z DEBUG haplotyper::assemble::ditch_graph] Removing (1039, 0)
[2021-09-24T02:01:58Z DEBUG haplotyper::assemble::ditch_graph] FOCUS	TRY	521,1,T,324,1,H,3,12.10
[2021-09-24T02:01:58Z DEBUG haplotyper::assemble::ditch_graph] TRACE	0	(323, 0)	H
[2021-09-24T02:01:58Z DEBUG haplotyper::assemble::ditch_graph] TRACE	1	(522, 1)	H
[2021-09-24T02:01:58Z DEBUG haplotyper::assemble::ditch_graph] TRACE	2	(324, 1)	H
[2021-09-24T02:01:58Z DEBUG haplotyper::assemble::ditch_graph] FOCUS	SPAN	521,1,T,324,1,H,3,12.10	4237bp
[2021-09-24T02:01:58Z DEBUG haplotyper::assemble::ditch_graph] Removing (521,1,T)-(323,0,H)
[2021-09-24T02:01:58Z DEBUG haplotyper::assemble::ditch_graph] Removing (324,1,H)-(522,1,T)
[2021-09-24T02:01:58Z DEBUG haplotyper::assemble::ditch_graph] Removing (522,1,H)-(323,0,T)
[2021-09-24T02:01:58Z DEBUG haplotyper::assemble::ditch_graph] Removing (522, 1)
[2021-09-24T02:01:58Z DEBUG haplotyper::assemble::ditch_graph] FOCUS	TRY	1165,0,T,1166,0,H,2,11.96
[2021-09-24T02:01:58Z DEBUG haplotyper::assemble::ditch_graph] TRACE	0	(7, 0)	T
[2021-09-24T02:01:58Z DEBUG haplotyper::assemble::ditch_graph] TRACE	1	(1166, 0)	H
[2021-09-24T02:01:58Z DEBUG haplotyper::assemble::ditch_graph] FOCUS	SPAN	1165,0,T,1166,0,H,2,11.96	2561bp
[2021-09-24T02:01:58Z DEBUG haplotyper::assemble::ditch_graph] Removing (1165,0,T)-(7,0,T)
[2021-09-24T02:01:58Z DEBUG haplotyper::assemble::ditch_graph] Removing (1166,0,H)-(7,0,H)
[2021-09-24T02:01:58Z DEBUG haplotyper::assemble::ditch_graph] FOCUS	TRY	8,1,T,9,1,H,2,11.84
[2021-09-24T02:01:58Z DEBUG haplotyper::assemble::ditch_graph] TRACE	0	(1164, 0)	T
[2021-09-24T02:01:58Z DEBUG haplotyper::assemble::ditch_graph] TRACE	1	(9, 1)	H
[2021-09-24T02:01:58Z DEBUG haplotyper::assemble::ditch_graph] FOCUS	SPAN	8,1,T,9,1,H,2,11.84	2562bp
[2021-09-24T02:01:58Z DEBUG haplotyper::assemble::ditch_graph] Removing (8,1,T)-(1164,0,T)
[2021-09-24T02:01:58Z DEBUG haplotyper::assemble::ditch_graph] Removing (9,1,H)-(1164,0,H)
[2021-09-24T02:01:58Z DEBUG haplotyper::assemble::ditch_graph] FOCUS	TRY	1942,0,T,1769,1,H,3,11.83
[2021-09-24T02:01:58Z DEBUG haplotyper::assemble::ditch_graph] TRACE	0	(193, 0)	H
[2021-09-24T02:01:58Z DEBUG haplotyper::assemble::ditch_graph] TRACE	1	(1290, 0)	T
[2021-09-24T02:01:58Z DEBUG haplotyper::assemble::ditch_graph] TRACE	2	(1769, 1)	H
[2021-09-24T02:01:58Z DEBUG haplotyper::assemble::ditch_graph] FOCUS	SPAN	1942,0,T,1769,1,H,3,11.83	3968bp
[2021-09-24T02:01:58Z DEBUG haplotyper::assemble::ditch_graph] Removing (1942,0,T)-(193,0,H)
[2021-09-24T02:01:58Z DEBUG haplotyper::assemble::ditch_graph] Removing (1769,1,H)-(1290,0,H)
[2021-09-24T02:01:58Z DEBUG haplotyper::assemble::ditch_graph] FOCUS	TRY	993,0,H,992,0,T,2,11.63
[2021-09-24T02:01:58Z DEBUG haplotyper::assemble::ditch_graph] TRACE	0	(883, 0)	T
[2021-09-24T02:01:58Z DEBUG haplotyper::assemble::ditch_graph] TRACE	1	(992, 0)	T
[2021-09-24T02:01:58Z DEBUG haplotyper::assemble::ditch_graph] FOCUS	SPAN	993,0,H,992,0,T,2,11.63	2493bp
[2021-09-24T02:01:58Z DEBUG haplotyper::assemble::ditch_graph] Removing (993,0,H)-(883,0,T)
[2021-09-24T02:01:58Z DEBUG haplotyper::assemble::ditch_graph] Removing (992,0,T)-(883,0,H)
[2021-09-24T02:01:58Z DEBUG haplotyper::assemble::ditch_graph] FOCUS	TRY	1333,0,H,1337,0,T,2,11.60
[2021-09-24T02:01:58Z DEBUG haplotyper::assemble::ditch_graph] TRACE	0	(1414, 0)	H
[2021-09-24T02:01:58Z DEBUG haplotyper::assemble::ditch_graph] TRACE	1	(1337, 0)	T
[2021-09-24T02:01:58Z DEBUG haplotyper::assemble::ditch_graph] FOCUS	SPAN	1333,0,H,1337,0,T,2,11.60	1933bp
[2021-09-24T02:01:58Z DEBUG haplotyper::assemble::ditch_graph] Removing (1333,0,H)-(1414,0,H)
[2021-09-24T02:01:58Z DEBUG haplotyper::assemble::ditch_graph] Removing (1337,0,T)-(1414,0,T)
[2021-09-24T02:01:58Z DEBUG haplotyper::assemble::ditch_graph] FOCUS	TRY	1792,0,T,1790,0,H,7,11.43
[2021-09-24T02:01:58Z DEBUG haplotyper::assemble::ditch_graph] Met stronger focus.
[2021-09-24T02:01:58Z DEBUG haplotyper::assemble::ditch_graph] FOCUS	TRY	1335,0,T,1803,0,T,3,11.23
[2021-09-24T02:01:58Z DEBUG haplotyper::assemble::ditch_graph] TRACE	0	(1801, 0)	H
[2021-09-24T02:01:58Z DEBUG haplotyper::assemble::ditch_graph] TRACE	1	(1475, 0)	H
[2021-09-24T02:01:58Z DEBUG haplotyper::assemble::ditch_graph] TRACE	2	(1803, 0)	T
[2021-09-24T02:01:58Z DEBUG haplotyper::assemble::ditch_graph] FOCUS	SPAN	1335,0,T,1803,0,T,3,11.23	2314bp
[2021-09-24T02:01:58Z DEBUG haplotyper::assemble::ditch_graph] Removing (1335,0,T)-(1801,0,H)
[2021-09-24T02:01:58Z DEBUG haplotyper::assemble::ditch_graph] Removing (1803,0,T)-(1475,0,T)
[2021-09-24T02:01:58Z DEBUG haplotyper::assemble::ditch_graph] FOCUS	TRY	1849,1,T,71,1,T,2,10.66
[2021-09-24T02:01:58Z DEBUG haplotyper::assemble::ditch_graph] Met stronger focus.
[2021-09-24T02:01:58Z DEBUG haplotyper::assemble::ditch_graph] FOCUS	TRY	585,1,H,1932,0,H,5,10.60
[2021-09-24T02:01:58Z DEBUG haplotyper::assemble::ditch_graph] TRACE	0	(1935, 0)	H
[2021-09-24T02:01:58Z DEBUG haplotyper::assemble::ditch_graph] TRACE	1	(1622, 0)	T
[2021-09-24T02:01:58Z DEBUG haplotyper::assemble::ditch_graph] TRACE	2	(1917, 0)	T
[2021-09-24T02:01:58Z DEBUG haplotyper::assemble::ditch_graph] TRACE	3	(584, 0)	T
[2021-09-24T02:01:58Z DEBUG haplotyper::assemble::ditch_graph] TRACE	4	(1932, 0)	H
[2021-09-24T02:01:58Z DEBUG haplotyper::assemble::ditch_graph] FOCUS	SPAN	585,1,H,1932,0,H,5,10.60	2727bp
[2021-09-24T02:01:58Z DEBUG haplotyper::assemble::ditch_graph] Removing (585,1,H)-(1935,0,H)
[2021-09-24T02:01:58Z DEBUG haplotyper::assemble::ditch_graph] Removing (1932,0,H)-(584,0,H)
[2021-09-24T02:01:58Z DEBUG haplotyper::assemble::ditch_graph] Removing (1935,0,T)-(1622,0,T)
[2021-09-24T02:01:58Z DEBUG haplotyper::assemble::ditch_graph] Removing (1622,0,H)-(1917,0,T)
[2021-09-24T02:01:58Z DEBUG haplotyper::assemble::ditch_graph] Removing (1622, 0)
[2021-09-24T02:01:58Z DEBUG haplotyper::assemble::ditch_graph] FOCUS	TRY	1831,0,H,1811,0,H,2,10.55
[2021-09-24T02:01:58Z DEBUG haplotyper::assemble::ditch_graph] TRACE	0	(445, 0)	H
[2021-09-24T02:01:58Z DEBUG haplotyper::assemble::ditch_graph] TRACE	1	(1811, 0)	H
[2021-09-24T02:01:58Z DEBUG haplotyper::assemble::ditch_graph] FOCUS	SPAN	1831,0,H,1811,0,H,2,10.55	2024bp
[2021-09-24T02:01:58Z DEBUG haplotyper::assemble::ditch_graph] Removing (1831,0,H)-(445,0,H)
[2021-09-24T02:01:58Z DEBUG haplotyper::assemble::ditch_graph] Removing (1811,0,H)-(445,0,T)
[2021-09-24T02:01:58Z DEBUG haplotyper::assemble::ditch_graph] FOCUS	TRY	444,0,T,1811,0,H,5,10.55
[2021-09-24T02:01:58Z DEBUG haplotyper::assemble::ditch_graph] TRACE	0	(1826, 0)	H
[2021-09-24T02:01:58Z DEBUG haplotyper::assemble::ditch_graph] TRACE	1	(1489, 0)	T
[2021-09-24T02:01:58Z DEBUG haplotyper::assemble::ditch_graph] TRACE	2	(1831, 0)	T
[2021-09-24T02:01:58Z DEBUG haplotyper::assemble::ditch_graph] TRACE	3	(1811, 0)	H
[2021-09-24T02:01:58Z DEBUG haplotyper::assemble::ditch_graph] FOCUS	SPAN	444,0,T,1811,0,H,5,10.55	2728bp
[2021-09-24T02:01:58Z DEBUG haplotyper::assemble::ditch_graph] Removing (444,0,T)-(1826,0,H)
[2021-09-24T02:01:58Z DEBUG haplotyper::assemble::ditch_graph] Removing (1811,0,H)-(1831,0,H)
[2021-09-24T02:01:58Z DEBUG haplotyper::assemble::ditch_graph] Removing (1831,0,T)-(1489,0,H)
[2021-09-24T02:01:58Z DEBUG haplotyper::assemble::ditch_graph] Removing (1831, 0)
[2021-09-24T02:01:58Z DEBUG haplotyper::assemble::ditch_graph] FOCUS	TRY	551,1,T,1872,0,T,3,10.49
[2021-09-24T02:01:58Z DEBUG haplotyper::assemble::ditch_graph] TRACE	0	(1870, 0)	H
[2021-09-24T02:01:58Z DEBUG haplotyper::assemble::ditch_graph] TRACE	1	(1432, 1)	T
[2021-09-24T02:01:58Z DEBUG haplotyper::assemble::ditch_graph] TRACE	2	(1872, 0)	T
[2021-09-24T02:01:58Z DEBUG haplotyper::assemble::ditch_graph] FOCUS	SPAN	551,1,T,1872,0,T,3,10.49	1640bp
[2021-09-24T02:01:58Z DEBUG haplotyper::assemble::ditch_graph] Removing (551,1,T)-(1870,0,H)
[2021-09-24T02:01:58Z DEBUG haplotyper::assemble::ditch_graph] Removing (1872,0,T)-(1432,1,H)
[2021-09-24T02:01:58Z DEBUG haplotyper::assemble::ditch_graph] Removing (1432,1,T)-(1870,0,T)
[2021-09-24T02:01:58Z DEBUG haplotyper::assemble::ditch_graph] Removing (1432, 1)
[2021-09-24T02:01:58Z DEBUG haplotyper::assemble::ditch_graph] FOCUS	TRY	221,1,H,220,1,T,2,10.47
[2021-09-24T02:01:58Z DEBUG haplotyper::assemble::ditch_graph] TRACE	0	(102, 0)	H
[2021-09-24T02:01:58Z DEBUG haplotyper::assemble::ditch_graph] TRACE	1	(220, 1)	T
[2021-09-24T02:01:58Z DEBUG haplotyper::assemble::ditch_graph] FOCUS	SPAN	221,1,H,220,1,T,2,10.47	2495bp
[2021-09-24T02:01:58Z DEBUG haplotyper::assemble::ditch_graph] Removing (221,1,H)-(102,0,H)
[2021-09-24T02:01:58Z DEBUG haplotyper::assemble::ditch_graph] Removing (220,1,T)-(102,0,T)
[2021-09-24T02:01:58Z DEBUG haplotyper::assemble::ditch_graph] FOCUS	TRY	1234,1,T,20,1,H,3,10.43
[2021-09-24T02:01:58Z DEBUG haplotyper::assemble::ditch_graph] TRACE	0	(531, 0)	T
[2021-09-24T02:01:58Z DEBUG haplotyper::assemble::ditch_graph] TRACE	1	(19, 1)	H
[2021-09-24T02:01:58Z DEBUG haplotyper::assemble::ditch_graph] TRACE	2	(20, 1)	H
[2021-09-24T02:01:58Z DEBUG haplotyper::assemble::ditch_graph] FOCUS	SPAN	1234,1,T,20,1,H,3,10.43	7312bp
[2021-09-24T02:01:58Z DEBUG haplotyper::assemble::ditch_graph] Removing (1234,1,T)-(531,0,T)
[2021-09-24T02:01:58Z DEBUG haplotyper::assemble::ditch_graph] Removing (20,1,H)-(19,1,T)
[2021-09-24T02:01:58Z DEBUG haplotyper::assemble::ditch_graph] Removing (1234,0,T)-(531,0,T)
[2021-09-24T02:01:58Z DEBUG haplotyper::assemble::ditch_graph] Removing (531,0,H)-(19,0,H)
[2021-09-24T02:01:58Z DEBUG haplotyper::assemble::ditch_graph] Removing (531,0,H)-(19,1,H)
[2021-09-24T02:01:58Z DEBUG haplotyper::assemble::ditch_graph] Removing (19,1,T)-(20,0,H)
[2021-09-24T02:01:58Z DEBUG haplotyper::assemble::ditch_graph] Removing (19, 1)
[2021-09-24T02:01:58Z DEBUG haplotyper::assemble::ditch_graph] Removing (531, 0)
[2021-09-24T02:01:58Z DEBUG haplotyper::assemble::ditch_graph] FOCUS	TRY	116,1,H,115,1,T,2,10.10
[2021-09-24T02:01:58Z DEBUG haplotyper::assemble::ditch_graph] TRACE	0	(1774, 0)	T
[2021-09-24T02:01:58Z DEBUG haplotyper::assemble::ditch_graph] TRACE	1	(115, 1)	T
[2021-09-24T02:01:58Z DEBUG haplotyper::assemble::ditch_graph] FOCUS	SPAN	116,1,H,115,1,T,2,10.10	2480bp
[2021-09-24T02:01:58Z DEBUG haplotyper::assemble::ditch_graph] Removing (116,1,H)-(1774,0,T)
[2021-09-24T02:01:58Z DEBUG haplotyper::assemble::ditch_graph] Removing (115,1,T)-(1774,0,H)
[2021-09-24T02:01:58Z DEBUG haplotyper::assemble::ditch_graph] FOCUS	TRY	1849,1,H,1132,1,H,8,10.04
[2021-09-24T02:01:58Z DEBUG haplotyper::assemble::ditch_graph] Met stronger focus.
[2021-09-24T02:01:58Z DEBUG haplotyper::assemble::ditch_graph] FOCUS	TRY	1062,1,T,1743,0,T,5,9.83
[2021-09-24T02:01:58Z DEBUG haplotyper::assemble::ditch_graph] Met stronger focus.
[2021-09-24T02:01:58Z DEBUG haplotyper::assemble::ditch_graph] FOCUS	TRY	1157,1,T,1789,1,H,2,9.78
[2021-09-24T02:01:58Z DEBUG haplotyper::assemble::ditch_graph] Met stronger focus.
[2021-09-24T02:01:58Z DEBUG haplotyper::assemble::ditch_graph] FOCUS	TRY	118,0,T,194,1,T,2,9.58
[2021-09-24T02:01:58Z DEBUG haplotyper::assemble::ditch_graph] TRACE	0	(206, 0)	H
[2021-09-24T02:01:58Z DEBUG haplotyper::assemble::ditch_graph] TRACE	1	(194, 1)	T
[2021-09-24T02:01:58Z DEBUG haplotyper::assemble::ditch_graph] FOCUS	SPAN	118,0,T,194,1,T,2,9.58	1915bp
[2021-09-24T02:01:58Z DEBUG haplotyper::assemble::ditch_graph] Removing (118,0,T)-(206,0,H)
[2021-09-24T02:01:58Z DEBUG haplotyper::assemble::ditch_graph] Removing (194,1,T)-(206,0,T)
[2021-09-24T02:01:58Z DEBUG haplotyper::assemble::ditch_graph] Removing (118,1,T)-(206,0,H)
[2021-09-24T02:01:58Z DEBUG haplotyper::assemble::ditch_graph] Removing (206,0,T)-(194,0,T)
[2021-09-24T02:01:58Z DEBUG haplotyper::assemble::ditch_graph] Removing (206, 0)
[2021-09-24T02:01:58Z DEBUG haplotyper::assemble::ditch_graph] FOCUS	TRY	71,1,T,1849,1,T,2,9.27
[2021-09-24T02:01:58Z DEBUG haplotyper::assemble::ditch_graph] Met stronger focus.
[2021-09-24T02:01:58Z DEBUG haplotyper::assemble::ditch_graph] FOCUS	TRY	643,1,H,1920,1,T,5,9.19
[2021-09-24T02:01:58Z DEBUG haplotyper::assemble::ditch_graph] TRACE	0	(1922, 0)	T
[2021-09-24T02:01:58Z DEBUG haplotyper::assemble::ditch_graph] TRACE	1	(642, 0)	T
[2021-09-24T02:01:58Z DEBUG haplotyper::assemble::ditch_graph] TRACE	2	(1925, 0)	H
[2021-09-24T02:01:58Z DEBUG haplotyper::assemble::ditch_graph] TRACE	3	(1323, 1)	H
[2021-09-24T02:01:58Z DEBUG haplotyper::assemble::ditch_graph] TRACE	4	(1920, 1)	T
[2021-09-24T02:01:58Z DEBUG haplotyper::assemble::ditch_graph] FOCUS	SPAN	643,1,H,1920,1,T,5,9.19	5393bp
[2021-09-24T02:01:58Z DEBUG haplotyper::assemble::ditch_graph] Removing (643,1,H)-(1922,0,T)
[2021-09-24T02:01:58Z DEBUG haplotyper::assemble::ditch_graph] Removing (1920,1,T)-(1323,1,T)
[2021-09-24T02:01:58Z DEBUG haplotyper::assemble::ditch_graph] Removing (1323,1,H)-(1925,0,T)
[2021-09-24T02:01:58Z DEBUG haplotyper::assemble::ditch_graph] Removing (1925,0,H)-(642,0,H)
[2021-09-24T02:01:58Z DEBUG haplotyper::assemble::ditch_graph] Removing (1925, 0)
[2021-09-24T02:01:58Z DEBUG haplotyper::assemble::ditch_graph] Removing (1323, 1)
[2021-09-24T02:01:58Z DEBUG haplotyper::assemble::ditch_graph] FOCUS	TRY	1849,0,H,1132,0,H,8,9.18
[2021-09-24T02:01:58Z DEBUG haplotyper::assemble::ditch_graph] TRACE	0	(185, 0)	H
[2021-09-24T02:01:58Z DEBUG haplotyper::assemble::ditch_graph] TRACE	1	(1130, 0)	H
[2021-09-24T02:01:58Z DEBUG haplotyper::assemble::ditch_graph] TRACE	2	(1847, 0)	T
[2021-09-24T02:01:58Z DEBUG haplotyper::assemble::ditch_graph] TRACE	3	(72, 0)	H
[2021-09-24T02:01:58Z DEBUG haplotyper::assemble::ditch_graph] TRACE	4	(1131, 0)	H
[2021-09-24T02:01:58Z DEBUG haplotyper::assemble::ditch_graph] TRACE	5	(73, 1)	H
[2021-09-24T02:01:58Z DEBUG haplotyper::assemble::ditch_graph] TRACE	6	(1132, 0)	H
[2021-09-24T02:01:58Z DEBUG haplotyper::assemble::ditch_graph] FOCUS	SPAN	1849,0,H,1132,0,H,8,9.18	12545bp
[2021-09-24T02:01:58Z DEBUG haplotyper::assemble::ditch_graph] Removing (1849,0,H)-(185,0,H)
[2021-09-24T02:01:58Z DEBUG haplotyper::assemble::ditch_graph] Removing (1132,0,H)-(73,1,T)
[2021-09-24T02:01:58Z DEBUG haplotyper::assemble::ditch_graph] Removing (1132,0,H)-(73,0,T)
[2021-09-24T02:01:58Z DEBUG haplotyper::assemble::ditch_graph] Removing (1131,0,T)-(73,1,H)
[2021-09-24T02:01:58Z DEBUG haplotyper::assemble::ditch_graph] Removing (73,1,T)-(1132,1,H)
[2021-09-24T02:01:58Z DEBUG haplotyper::assemble::ditch_graph] Removing (73, 1)
[2021-09-24T02:01:58Z DEBUG haplotyper::assemble::ditch_graph] FOCUS	TRY	922,1,T,1869,0,H,2,9.16
[2021-09-24T02:01:58Z DEBUG haplotyper::assemble::ditch_graph] TRACE	0	(628, 0)	H
[2021-09-24T02:01:58Z DEBUG haplotyper::assemble::ditch_graph] TRACE	1	(1869, 0)	H
[2021-09-24T02:01:58Z DEBUG haplotyper::assemble::ditch_graph] FOCUS	SPAN	922,1,T,1869,0,H,2,9.16	2364bp
[2021-09-24T02:01:58Z DEBUG haplotyper::assemble::ditch_graph] Removing (922,1,T)-(628,0,H)
[2021-09-24T02:01:58Z DEBUG haplotyper::assemble::ditch_graph] Removing (1869,0,H)-(628,0,T)
[2021-09-24T02:01:58Z DEBUG haplotyper::assemble::ditch_graph] FOCUS	TRY	1157,0,T,1792,0,H,6,9.08
[2021-09-24T02:01:58Z DEBUG haplotyper::assemble::ditch_graph] Met stronger focus.
[2021-09-24T02:01:58Z DEBUG haplotyper::assemble::ditch_graph] FOCUS	TRY	1882,1,H,1900,1,T,3,9.05
[2021-09-24T02:01:58Z DEBUG haplotyper::assemble::ditch_graph] Met stronger focus.
[2021-09-24T02:01:58Z DEBUG haplotyper::assemble::ditch_graph] FOCUS	TRY	1789,1,H,1157,1,T,2,8.88
[2021-09-24T02:01:58Z DEBUG haplotyper::assemble::ditch_graph] Met stronger focus.
[2021-09-24T02:01:58Z DEBUG haplotyper::assemble::ditch_graph] FOCUS	TRY	1897,0,H,1896,0,H,3,7.97
[2021-09-24T02:01:58Z DEBUG haplotyper::assemble::ditch_graph] TRACE	0	(281, 0)	H
[2021-09-24T02:01:58Z DEBUG haplotyper::assemble::ditch_graph] TRACE	1	(1895, 0)	H
[2021-09-24T02:01:58Z DEBUG haplotyper::assemble::ditch_graph] TRACE	2	(1896, 0)	H
[2021-09-24T02:01:58Z DEBUG haplotyper::assemble::ditch_graph] FOCUS	SPAN	1897,0,H,1896,0,H,3,7.97	4068bp
[2021-09-24T02:01:58Z DEBUG haplotyper::assemble::ditch_graph] Removing (1897,0,H)-(281,0,H)
[2021-09-24T02:01:58Z DEBUG haplotyper::assemble::ditch_graph] Removing (1896,0,H)-(1895,0,T)
[2021-09-24T02:01:58Z DEBUG haplotyper::assemble::ditch_graph] FOCUS	TRY	1916,1,H,643,0,T,3,7.87
[2021-09-24T02:01:58Z DEBUG haplotyper::assemble::ditch_graph] Met stronger focus.
[2021-09-24T02:01:58Z DEBUG haplotyper::assemble::ditch_graph] FOCUS	TRY	205,0,H,116,0,T,3,7.86
[2021-09-24T02:01:58Z DEBUG haplotyper::assemble::ditch_graph] TRACE	0	(117, 0)	T
[2021-09-24T02:01:58Z DEBUG haplotyper::assemble::ditch_graph] TRACE	1	(204, 1)	T
[2021-09-24T02:01:58Z DEBUG haplotyper::assemble::ditch_graph] TRACE	2	(116, 0)	T
[2021-09-24T02:01:58Z DEBUG haplotyper::assemble::ditch_graph] FOCUS	SPAN	205,0,H,116,0,T,3,7.86	4232bp
[2021-09-24T02:01:58Z DEBUG haplotyper::assemble::ditch_graph] Removing (205,0,H)-(117,0,T)
[2021-09-24T02:01:58Z DEBUG haplotyper::assemble::ditch_graph] Removing (116,0,T)-(204,1,H)
[2021-09-24T02:01:58Z DEBUG haplotyper::assemble::ditch_graph] Removing (116,0,T)-(204,0,H)
[2021-09-24T02:01:58Z DEBUG haplotyper::assemble::ditch_graph] Removing (204,0,T)-(117,0,H)
[2021-09-24T02:01:58Z DEBUG haplotyper::assemble::ditch_graph] Removing (204, 0)
[2021-09-24T02:01:58Z DEBUG haplotyper::assemble::ditch_graph] FOCUS	TRY	1869,0,T,1875,0,H,4,7.73
[2021-09-24T02:01:58Z DEBUG haplotyper::assemble::ditch_graph] Met stronger focus.
[2021-09-24T02:01:58Z DEBUG haplotyper::assemble::ditch_graph] FOCUS	TRY	1920,0,H,585,1,T,4,7.59
[2021-09-24T02:01:58Z DEBUG haplotyper::assemble::ditch_graph] Met stronger focus.
[2021-09-24T02:01:58Z DEBUG haplotyper::assemble::ditch_graph] FOCUS	TRY	71,0,T,1849,0,T,2,7.50
[2021-09-24T02:01:58Z DEBUG haplotyper::assemble::ditch_graph] Met stronger focus.
[2021-09-24T02:01:58Z DEBUG haplotyper::assemble::ditch_graph] FOCUS	TRY	1172,0,T,1373,1,T,2,7.41
[2021-09-24T02:01:58Z DEBUG haplotyper::assemble::ditch_graph] TRACE	0	(227, 0)	T
[2021-09-24T02:01:58Z DEBUG haplotyper::assemble::ditch_graph] TRACE	1	(1373, 1)	T
[2021-09-24T02:01:58Z DEBUG haplotyper::assemble::ditch_graph] FOCUS	SPAN	1172,0,T,1373,1,T,2,7.41	4535bp
[2021-09-24T02:01:58Z DEBUG haplotyper::assemble::ditch_graph] Removing (1172,0,T)-(227,0,T)
[2021-09-24T02:01:58Z DEBUG haplotyper::assemble::ditch_graph] Removing (1373,1,T)-(227,0,H)
[2021-09-24T02:01:58Z DEBUG haplotyper::assemble::ditch_graph] FOCUS	TRY	1576,1,T,1577,1,H,2,7.40
[2021-09-24T02:01:58Z DEBUG haplotyper::assemble::ditch_graph] TRACE	0	(1491, 0)	T
[2021-09-24T02:01:58Z DEBUG haplotyper::assemble::ditch_graph] TRACE	1	(1577, 1)	H
[2021-09-24T02:01:58Z DEBUG haplotyper::assemble::ditch_graph] FOCUS	SPAN	1576,1,T,1577,1,H,2,7.40	2517bp
[2021-09-24T02:01:58Z DEBUG haplotyper::assemble::ditch_graph] Removing (1576,1,T)-(1491,0,T)
[2021-09-24T02:01:58Z DEBUG haplotyper::assemble::ditch_graph] Removing (1577,1,H)-(1491,0,H)
[2021-09-24T02:01:58Z DEBUG haplotyper::assemble::ditch_graph] FOCUS	TRY	1298,0,H,699,0,H,5,7.31
[2021-09-24T02:01:58Z DEBUG haplotyper::assemble::ditch_graph] TRACE	0	(1277, 0)	H
[2021-09-24T02:01:58Z DEBUG haplotyper::assemble::ditch_graph] TRACE	1	(615, 0)	T
[2021-09-24T02:01:58Z DEBUG haplotyper::assemble::ditch_graph] TRACE	2	(698, 1)	H
[2021-09-24T02:01:58Z DEBUG haplotyper::assemble::ditch_graph] TRACE	3	(1731, 0)	T
[2021-09-24T02:01:58Z DEBUG haplotyper::assemble::ditch_graph] TRACE	4	(699, 0)	H
[2021-09-24T02:01:58Z DEBUG haplotyper::assemble::ditch_graph] FOCUS	SPAN	1298,0,H,699,0,H,5,7.31	10643bp
[2021-09-24T02:01:58Z DEBUG haplotyper::assemble::ditch_graph] Removing (1298,0,H)-(1277,0,H)
[2021-09-24T02:01:58Z DEBUG haplotyper::assemble::ditch_graph] Removing (699,0,H)-(1731,0,H)
[2021-09-24T02:01:58Z DEBUG haplotyper::assemble::ditch_graph] Removing (1731,0,T)-(698,1,T)
[2021-09-24T02:01:58Z DEBUG haplotyper::assemble::ditch_graph] Removing (698,1,H)-(615,0,H)
[2021-09-24T02:01:58Z DEBUG haplotyper::assemble::ditch_graph] Removing (698, 1)
[2021-09-24T02:01:58Z DEBUG haplotyper::assemble::ditch_graph] Removing (1731, 0)
[2021-09-24T02:01:58Z DEBUG haplotyper::assemble::ditch_graph] FOCUS	TRY	643,1,T,1916,0,H,3,7.27
[2021-09-24T02:01:58Z DEBUG haplotyper::assemble::ditch_graph] Met stronger focus.
[2021-09-24T02:01:58Z DEBUG haplotyper::assemble::ditch_graph] FOCUS	TRY	643,0,T,1916,1,H,3,7.19
[2021-09-24T02:01:58Z DEBUG haplotyper::assemble::ditch_graph] Met stronger focus.
[2021-09-24T02:01:58Z DEBUG haplotyper::assemble::ditch_graph] FOCUS	TRY	1849,0,T,885,1,T,5,7.13
[2021-09-24T02:01:58Z DEBUG haplotyper::assemble::ditch_graph] Met stronger focus.
[2021-09-24T02:01:58Z DEBUG haplotyper::assemble::ditch_graph] FOCUS	TRY	1789,0,H,1157,0,T,2,6.80
[2021-09-24T02:01:58Z DEBUG haplotyper::assemble::ditch_graph] Met stronger focus.
[2021-09-24T02:01:58Z DEBUG haplotyper::assemble::ditch_graph] FOCUS	TRY	1916,0,H,643,1,T,3,6.55
[2021-09-24T02:01:58Z DEBUG haplotyper::assemble::ditch_graph] Met stronger focus.
[2021-09-24T02:01:58Z DEBUG haplotyper::assemble::ditch_graph] FOCUS	TRY	443,0,T,1824,0,T,2,6.42
[2021-09-24T02:01:58Z DEBUG haplotyper::assemble::ditch_graph] Met stronger focus.
[2021-09-24T02:01:58Z DEBUG haplotyper::assemble::ditch_graph] FOCUS	TRY	1137,1,T,228,0,T,4,6.41
[2021-09-24T02:01:58Z DEBUG haplotyper::assemble::ditch_graph] TRACE	0	(1874, 0)	T
[2021-09-24T02:01:58Z DEBUG haplotyper::assemble::ditch_graph] TRACE	1	(918, 0)	T
[2021-09-24T02:01:58Z DEBUG haplotyper::assemble::ditch_graph] TRACE	2	(1867, 0)	T
[2021-09-24T02:01:58Z DEBUG haplotyper::assemble::ditch_graph] TRACE	3	(228, 0)	T
[2021-09-24T02:01:58Z DEBUG haplotyper::assemble::ditch_graph] FOCUS	SPAN	1137,1,T,228,0,T,4,6.41	5072bp
[2021-09-24T02:01:58Z DEBUG haplotyper::assemble::ditch_graph] Removing (1137,1,T)-(1874,0,T)
[2021-09-24T02:01:58Z DEBUG haplotyper::assemble::ditch_graph] Removing (228,0,T)-(1867,0,H)
[2021-09-24T02:01:58Z DEBUG haplotyper::assemble::ditch_graph] FOCUS	TRY	1335,1,H,1063,1,T,4,6.37
[2021-09-24T02:01:58Z DEBUG haplotyper::assemble::ditch_graph] TRACE	0	(1802, 0)	T
[2021-09-24T02:01:58Z DEBUG haplotyper::assemble::ditch_graph] TRACE	1	(1064, 0)	T
[2021-09-24T02:01:58Z DEBUG haplotyper::assemble::ditch_graph] TRACE	2	(1796, 1)	T
[2021-09-24T02:01:58Z DEBUG haplotyper::assemble::ditch_graph] TRACE	3	(1063, 1)	T
[2021-09-24T02:01:58Z DEBUG haplotyper::assemble::ditch_graph] FOCUS	SPAN	1335,1,H,1063,1,T,4,6.37	6458bp
[2021-09-24T02:01:58Z DEBUG haplotyper::assemble::ditch_graph] Removing (1335,1,H)-(1802,0,T)
[2021-09-24T02:01:58Z DEBUG haplotyper::assemble::ditch_graph] Removing (1063,1,T)-(1796,0,H)
[2021-09-24T02:01:58Z DEBUG haplotyper::assemble::ditch_graph] Removing (1063,1,T)-(1796,1,H)
[2021-09-24T02:01:58Z DEBUG haplotyper::assemble::ditch_graph] Removing (1796,1,T)-(1064,0,H)
[2021-09-24T02:01:58Z DEBUG haplotyper::assemble::ditch_graph] Removing (1064,0,T)-(1336,0,H)
[2021-09-24T02:01:58Z DEBUG haplotyper::assemble::ditch_graph] Removing (1064,0,T)-(1802,0,H)
[2021-09-24T02:01:58Z DEBUG haplotyper::assemble::ditch_graph] Removing (1064, 0)
[2021-09-24T02:01:58Z DEBUG haplotyper::assemble::ditch_graph] Removing (1796, 1)
[2021-09-24T02:01:58Z DEBUG haplotyper::assemble::ditch_graph] FOCUS	TRY	74,1,T,1735,0,H,6,6.32
[2021-09-24T02:01:58Z DEBUG haplotyper::assemble::ditch_graph] Met stronger focus.
[2021-09-24T02:01:58Z DEBUG haplotyper::assemble::ditch_graph] FOCUS	TRY	1932,0,T,1915,0,T,2,6.08
[2021-09-24T02:01:58Z DEBUG haplotyper::assemble::ditch_graph] Met stronger focus.
[2021-09-24T02:01:58Z DEBUG haplotyper::assemble::ditch_graph] FOCUS	TRY	280,1,H,1794,0,T,5,6.04
[2021-09-24T02:01:58Z DEBUG haplotyper::assemble::ditch_graph] TRACE	0	(1342, 0)	T
[2021-09-24T02:01:58Z DEBUG haplotyper::assemble::ditch_graph] TRACE	1	(1793, 0)	T
[2021-09-24T02:01:58Z DEBUG haplotyper::assemble::ditch_graph] TRACE	2	(279, 0)	T
[2021-09-24T02:01:58Z DEBUG haplotyper::assemble::ditch_graph] TRACE	3	(1341, 0)	T
[2021-09-24T02:01:58Z DEBUG haplotyper::assemble::ditch_graph] TRACE	4	(1794, 0)	T
[2021-09-24T02:01:58Z DEBUG haplotyper::assemble::ditch_graph] FOCUS	SPAN	280,1,H,1794,0,T,5,6.04	9641bp
[2021-09-24T02:01:58Z DEBUG haplotyper::assemble::ditch_graph] Removing (280,1,H)-(1342,0,T)
[2021-09-24T02:01:58Z DEBUG haplotyper::assemble::ditch_graph] Removing (1794,0,T)-(1341,0,H)
[2021-09-24T02:01:58Z DEBUG haplotyper::assemble::ditch_graph] FOCUS	TRY	1637,0,H,1934,0,H,2,6.04
[2021-09-24T02:01:58Z DEBUG haplotyper::assemble::ditch_graph] TRACE	0	(620, 0)	H
[2021-09-24T02:01:58Z DEBUG haplotyper::assemble::ditch_graph] TRACE	1	(1934, 0)	H
[2021-09-24T02:01:58Z DEBUG haplotyper::assemble::ditch_graph] FOCUS	SPAN	1637,0,H,1934,0,H,2,6.04	3623bp
[2021-09-24T02:01:58Z DEBUG haplotyper::assemble::ditch_graph] Removing (1637,0,H)-(620,0,H)
[2021-09-24T02:01:58Z DEBUG haplotyper::assemble::ditch_graph] Removing (1934,0,H)-(620,0,T)
[2021-09-24T02:01:58Z DEBUG haplotyper::assemble::ditch_graph] FOCUS	TRY	1824,0,H,1811,0,H,6,5.83
[2021-09-24T02:01:58Z DEBUG haplotyper::assemble::ditch_graph] Met stronger focus.
[2021-09-24T02:01:58Z DEBUG haplotyper::assemble::ditch_graph] FOCUS	TRY	1062,1,H,1132,0,T,5,5.82
[2021-09-24T02:01:58Z DEBUG haplotyper::assemble::ditch_graph] Met stronger focus.
[2021-09-24T02:01:58Z DEBUG haplotyper::assemble::ditch_graph] FOCUS	TRY	1062,0,H,1863,1,H,4,5.82
[2021-09-24T02:01:58Z DEBUG haplotyper::assemble::ditch_graph] Met stronger focus.
[2021-09-24T02:01:58Z DEBUG haplotyper::assemble::ditch_graph] FOCUS	TRY	1140,1,T,1871,0,H,11,5.82
[2021-09-24T02:01:58Z DEBUG haplotyper::assemble::ditch_graph] TRACE	0	(1519, 0)	H
[2021-09-24T02:01:58Z DEBUG haplotyper::assemble::ditch_graph] TRACE	1	(967, 0)	H
[2021-09-24T02:01:58Z DEBUG haplotyper::assemble::ditch_graph] TRACE	2	(1901, 0)	H
[2021-09-24T02:01:58Z DEBUG haplotyper::assemble::ditch_graph] TRACE	3	(1257, 0)	T
[2021-09-24T02:01:58Z DEBUG haplotyper::assemble::ditch_graph] TRACE	4	(1881, 0)	T
[2021-09-24T02:01:58Z DEBUG haplotyper::assemble::ditch_graph] TRACE	5	(631, 0)	T
[2021-09-24T02:01:58Z DEBUG haplotyper::assemble::ditch_graph] TRACE	6	(1879, 0)	H
[2021-09-24T02:01:58Z DEBUG haplotyper::assemble::ditch_graph] TRACE	7	(1256, 0)	T
[2021-09-24T02:01:58Z DEBUG haplotyper::assemble::ditch_graph] TRACE	8	(1902, 0)	T
[2021-09-24T02:01:58Z DEBUG haplotyper::assemble::ditch_graph] TRACE	9	(630, 0)	T
[2021-09-24T02:01:58Z DEBUG haplotyper::assemble::ditch_graph] TRACE	10	(1871, 0)	H
[2021-09-24T02:01:58Z DEBUG haplotyper::assemble::ditch_graph] FOCUS	SPAN	1140,1,T,1871,0,H,11,5.82	9725bp
[2021-09-24T02:01:58Z DEBUG haplotyper::assemble::ditch_graph] Removing (1140,1,T)-(1519,0,H)
[2021-09-24T02:01:58Z DEBUG haplotyper::assemble::ditch_graph] Removing (1871,0,H)-(630,0,H)
[2021-09-24T02:01:58Z DEBUG haplotyper::assemble::ditch_graph] FOCUS	TRY	562,1,H,846,1,T,2,5.78
[2021-09-24T02:01:58Z DEBUG haplotyper::assemble::ditch_graph] TRACE	0	(847, 0)	T
[2021-09-24T02:01:58Z DEBUG haplotyper::assemble::ditch_graph] TRACE	1	(846, 1)	T
[2021-09-24T02:01:58Z DEBUG haplotyper::assemble::ditch_graph] FOCUS	SPAN	562,1,H,846,1,T,2,5.78	4988bp
[2021-09-24T02:01:58Z DEBUG haplotyper::assemble::ditch_graph] Removing (562,1,H)-(847,0,T)
[2021-09-24T02:01:58Z DEBUG haplotyper::assemble::ditch_graph] Removing (846,1,T)-(847,0,H)
[2021-09-24T02:01:58Z DEBUG haplotyper::assemble::ditch_graph] FOCUS	TRY	243,1,T,873,1,H,3,5.24
[2021-09-24T02:01:58Z DEBUG haplotyper::assemble::ditch_graph] Met stronger focus.
[2021-09-24T02:01:58Z DEBUG haplotyper::assemble::ditch_graph] FOCUS	TRY	1735,0,H,1062,1,T,3,5.07
[2021-09-24T02:01:58Z DEBUG haplotyper::assemble::ditch_graph] Met stronger focus.
[2021-09-24T02:01:58Z DEBUG haplotyper::assemble::ditch_graph] FOCI	NUM	28
[2021-09-24T02:01:58Z DEBUG haplotyper::assemble::ditch_graph] FOCUS	TRY	252,1,T,1838,0,H,6,12.39
[2021-09-24T02:01:58Z DEBUG haplotyper::assemble::ditch_graph] TRACE	0	(608, 1)	T
[2021-09-24T02:01:58Z DEBUG haplotyper::assemble::ditch_graph] TRACE	1	(1858, 0)	H
[2021-09-24T02:01:58Z DEBUG haplotyper::assemble::ditch_graph] TRACE	2	(1541, 0)	T
[2021-09-24T02:01:58Z DEBUG haplotyper::assemble::ditch_graph] TRACE	3	(1845, 0)	T
[2021-09-24T02:01:58Z DEBUG haplotyper::assemble::ditch_graph] TRACE	4	(253, 0)	H
[2021-09-24T02:01:58Z DEBUG haplotyper::assemble::ditch_graph] TRACE	5	(1838, 0)	H
[2021-09-24T02:01:58Z DEBUG haplotyper::assemble::ditch_graph] FOCUS	SPAN	252,1,T,1838,0,H,6,12.39	8866bp
[2021-09-24T02:01:58Z DEBUG haplotyper::assemble::ditch_graph] Removing (252,1,T)-(608,1,T)
[2021-09-24T02:01:58Z DEBUG haplotyper::assemble::ditch_graph] Removing (1838,0,H)-(253,0,T)
[2021-09-24T02:01:58Z DEBUG haplotyper::assemble::ditch_graph] FOCUS	TRY	1838,1,T,71,1,H,4,12.11
[2021-09-24T02:01:58Z DEBUG haplotyper::assemble::ditch_graph] TRACE	0	(885, 0)	H
[2021-09-24T02:01:58Z DEBUG haplotyper::assemble::ditch_graph] TRACE	1	(71, 1)	H
[2021-09-24T02:01:58Z DEBUG haplotyper::assemble::ditch_graph] FOCUS	SPAN	1838,1,T,71,1,H,4,12.11	5776bp
[2021-09-24T02:01:58Z DEBUG haplotyper::assemble::ditch_graph] Removing (1838,1,T)-(885,0,H)
[2021-09-24T02:01:58Z DEBUG haplotyper::assemble::ditch_graph] Removing (71,1,H)-(885,0,T)
[2021-09-24T02:01:58Z DEBUG haplotyper::assemble::ditch_graph] Removing (885,0,H)-(253,1,T)
[2021-09-24T02:01:58Z DEBUG haplotyper::assemble::ditch_graph] Removing (253,1,H)-(1541,0,H)
[2021-09-24T02:01:58Z DEBUG haplotyper::assemble::ditch_graph] Removing (253, 1)
[2021-09-24T02:01:58Z DEBUG haplotyper::assemble::ditch_graph] Removing (885, 0)
[2021-09-24T02:01:58Z DEBUG haplotyper::assemble::ditch_graph] FOCUS	TRY	1792,0,T,1790,0,H,7,11.43
[2021-09-24T02:01:58Z DEBUG haplotyper::assemble::ditch_graph] TRACE	0	(1159, 0)	H
[2021-09-24T02:01:58Z DEBUG haplotyper::assemble::ditch_graph] TRACE	1	(1795, 0)	T
[2021-09-24T02:01:58Z DEBUG haplotyper::assemble::ditch_graph] TRACE	2	(813, 0)	H
[2021-09-24T02:01:58Z DEBUG haplotyper::assemble::ditch_graph] TRACE	3	(1791, 0)	H
[2021-09-24T02:01:58Z DEBUG haplotyper::assemble::ditch_graph] TRACE	4	(1339, 0)	H
[2021-09-24T02:01:58Z DEBUG haplotyper::assemble::ditch_graph] TRACE	5	(277, 0)	H
[2021-09-24T02:01:58Z DEBUG haplotyper::assemble::ditch_graph] TRACE	6	(1790, 0)	H
[2021-09-24T02:01:58Z DEBUG haplotyper::assemble::ditch_graph] FOCUS	SPAN	1792,0,T,1790,0,H,7,11.43	11170bp
[2021-09-24T02:01:58Z DEBUG haplotyper::assemble::ditch_graph] Removing (1792,0,T)-(1159,0,H)
[2021-09-24T02:01:58Z DEBUG haplotyper::assemble::ditch_graph] Removing (1790,0,H)-(277,1,T)
[2021-09-24T02:01:58Z DEBUG haplotyper::assemble::ditch_graph] Removing (1790,0,H)-(277,0,T)
[2021-09-24T02:01:58Z DEBUG haplotyper::assemble::ditch_graph] Removing (277,0,H)-(1339,0,T)
[2021-09-24T02:01:58Z DEBUG haplotyper::assemble::ditch_graph] Removing (277, 0)
[2021-09-24T02:01:58Z DEBUG haplotyper::assemble::ditch_graph] FOCUS	TRY	1849,1,T,71,1,T,2,10.66
[2021-09-24T02:01:58Z DEBUG haplotyper::assemble::ditch_graph] TRACE	0	(1129, 0)	T
[2021-09-24T02:01:58Z DEBUG haplotyper::assemble::ditch_graph] TRACE	1	(71, 1)	T
[2021-09-24T02:01:58Z DEBUG haplotyper::assemble::ditch_graph] FOCUS	SPAN	1849,1,T,71,1,T,2,10.66	1931bp
[2021-09-24T02:01:58Z DEBUG haplotyper::assemble::ditch_graph] Removing (1849,1,T)-(1129,0,T)
[2021-09-24T02:01:58Z DEBUG haplotyper::assemble::ditch_graph] Removing (71,1,T)-(1129,0,H)
[2021-09-24T02:01:58Z DEBUG haplotyper::assemble::ditch_graph] FOCUS	TRY	1062,1,T,1743,0,T,5,9.83
[2021-09-24T02:01:58Z DEBUG haplotyper::assemble::ditch_graph] TRACE	0	(1453, 0)	H
[2021-09-24T02:01:58Z DEBUG haplotyper::assemble::ditch_graph] TRACE	1	(75, 0)	H
[2021-09-24T02:01:58Z DEBUG haplotyper::assemble::ditch_graph] TRACE	2	(1735, 0)	H
[2021-09-24T02:01:58Z DEBUG haplotyper::assemble::ditch_graph] TRACE	3	(1384, 0)	H
[2021-09-24T02:01:58Z DEBUG haplotyper::assemble::ditch_graph] TRACE	4	(1743, 0)	T
[2021-09-24T02:01:58Z DEBUG haplotyper::assemble::ditch_graph] FOCUS	SPAN	1062,1,T,1743,0,T,5,9.83	7033bp
[2021-09-24T02:01:58Z DEBUG haplotyper::assemble::ditch_graph] Removing (1062,1,T)-(1453,0,H)
[2021-09-24T02:01:58Z DEBUG haplotyper::assemble::ditch_graph] Removing (1743,0,T)-(1384,0,T)
[2021-09-24T02:01:58Z DEBUG haplotyper::assemble::ditch_graph] Removing (1384,0,H)-(1735,0,T)
[2021-09-24T02:01:58Z DEBUG haplotyper::assemble::ditch_graph] Removing (1735,0,H)-(75,0,T)
[2021-09-24T02:01:58Z DEBUG haplotyper::assemble::ditch_graph] Removing (1735, 0)
[2021-09-24T02:01:58Z DEBUG haplotyper::assemble::ditch_graph] Removing (1384, 0)
[2021-09-24T02:01:58Z DEBUG haplotyper::assemble::ditch_graph] FOCUS	TRY	1157,1,T,1789,1,H,2,9.78
[2021-09-24T02:01:58Z DEBUG haplotyper::assemble::ditch_graph] TRACE	0	(811, 0)	H
[2021-09-24T02:01:58Z DEBUG haplotyper::assemble::ditch_graph] TRACE	1	(1789, 1)	H
[2021-09-24T02:01:58Z DEBUG haplotyper::assemble::ditch_graph] FOCUS	SPAN	1157,1,T,1789,1,H,2,9.78	2336bp
[2021-09-24T02:01:58Z DEBUG haplotyper::assemble::ditch_graph] Removing (1157,1,T)-(811,0,H)
[2021-09-24T02:01:58Z DEBUG haplotyper::assemble::ditch_graph] Removing (1789,1,H)-(811,0,T)
[2021-09-24T02:01:58Z DEBUG haplotyper::assemble::ditch_graph] FOCUS	TRY	1882,1,H,1900,1,T,3,9.05
[2021-09-24T02:01:58Z DEBUG haplotyper::assemble::ditch_graph] TRACE	0	(1431, 0)	H
[2021-09-24T02:01:58Z DEBUG haplotyper::assemble::ditch_graph] TRACE	1	(1449, 0)	H
[2021-09-24T02:01:58Z DEBUG haplotyper::assemble::ditch_graph] TRACE	2	(1900, 1)	T
[2021-09-24T02:01:58Z DEBUG haplotyper::assemble::ditch_graph] FOCUS	SPAN	1882,1,H,1900,1,T,3,9.05	3949bp
[2021-09-24T02:01:58Z DEBUG haplotyper::assemble::ditch_graph] Removing (1882,1,H)-(1431,0,H)
[2021-09-24T02:01:58Z DEBUG haplotyper::assemble::ditch_graph] Removing (1900,1,T)-(1449,0,T)
[2021-09-24T02:01:58Z DEBUG haplotyper::assemble::ditch_graph] Removing (1449,0,H)-(1431,0,T)
[2021-09-24T02:01:58Z DEBUG haplotyper::assemble::ditch_graph] Removing (1431,0,H)-(1882,0,H)
[2021-09-24T02:01:58Z DEBUG haplotyper::assemble::ditch_graph] Removing (1431, 0)
[2021-09-24T02:01:58Z DEBUG haplotyper::assemble::ditch_graph] Removing (1449, 0)
[2021-09-24T02:01:58Z DEBUG haplotyper::assemble::ditch_graph] FOCUS	TRY	1916,1,H,643,0,T,3,7.87
[2021-09-24T02:01:58Z DEBUG haplotyper::assemble::ditch_graph] TRACE	0	(644, 0)	T
[2021-09-24T02:01:58Z DEBUG haplotyper::assemble::ditch_graph] TRACE	1	(1926, 0)	T
[2021-09-24T02:01:58Z DEBUG haplotyper::assemble::ditch_graph] TRACE	2	(643, 0)	T
[2021-09-24T02:01:58Z DEBUG haplotyper::assemble::ditch_graph] FOCUS	SPAN	1916,1,H,643,0,T,3,7.87	4474bp
[2021-09-24T02:01:58Z DEBUG haplotyper::assemble::ditch_graph] Removing (1916,1,H)-(644,0,T)
[2021-09-24T02:01:58Z DEBUG haplotyper::assemble::ditch_graph] Removing (643,0,T)-(1926,0,H)
[2021-09-24T02:01:58Z DEBUG haplotyper::assemble::ditch_graph] FOCUS	TRY	1869,0,T,1875,0,H,4,7.73
[2021-09-24T02:01:58Z DEBUG haplotyper::assemble::ditch_graph] TRACE	0	(923, 0)	H
[2021-09-24T02:01:58Z DEBUG haplotyper::assemble::ditch_graph] TRACE	1	(1898, 0)	T
[2021-09-24T02:01:58Z DEBUG haplotyper::assemble::ditch_graph] TRACE	2	(629, 0)	H
[2021-09-24T02:01:58Z DEBUG haplotyper::assemble::ditch_graph] TRACE	3	(1875, 0)	H
[2021-09-24T02:01:58Z DEBUG haplotyper::assemble::ditch_graph] FOCUS	SPAN	1869,0,T,1875,0,H,4,7.73	6018bp
[2021-09-24T02:01:58Z DEBUG haplotyper::assemble::ditch_graph] Removing (1869,0,T)-(923,0,H)
[2021-09-24T02:01:58Z DEBUG haplotyper::assemble::ditch_graph] Removing (1875,0,H)-(629,0,T)
[2021-09-24T02:01:58Z DEBUG haplotyper::assemble::ditch_graph] FOCUS	TRY	1920,0,H,585,1,T,4,7.59
[2021-09-24T02:01:58Z DEBUG haplotyper::assemble::ditch_graph] TRACE	0	(586, 0)	T
[2021-09-24T02:01:58Z DEBUG haplotyper::assemble::ditch_graph] TRACE	1	(1143, 1)	H
[2021-09-24T02:01:58Z DEBUG haplotyper::assemble::ditch_graph] TRACE	2	(1927, 0)	T
[2021-09-24T02:01:58Z DEBUG haplotyper::assemble::ditch_graph] TRACE	3	(585, 1)	T
[2021-09-24T02:01:58Z DEBUG haplotyper::assemble::ditch_graph] FOCUS	SPAN	1920,0,H,585,1,T,4,7.59	5851bp
[2021-09-24T02:01:58Z DEBUG haplotyper::assemble::ditch_graph] Removing (1920,0,H)-(586,0,T)
[2021-09-24T02:01:58Z DEBUG haplotyper::assemble::ditch_graph] Removing (585,1,T)-(1927,0,H)
[2021-09-24T02:01:58Z DEBUG haplotyper::assemble::ditch_graph] Removing (1927,0,T)-(1143,1,T)
[2021-09-24T02:01:58Z DEBUG haplotyper::assemble::ditch_graph] Removing (1143,1,H)-(586,0,H)
[2021-09-24T02:01:58Z DEBUG haplotyper::assemble::ditch_graph] Removing (586,0,T)-(1323,0,T)
[2021-09-24T02:01:58Z DEBUG haplotyper::assemble::ditch_graph] Removing (586, 0)
[2021-09-24T02:01:58Z DEBUG haplotyper::assemble::ditch_graph] Removing (1143, 1)
[2021-09-24T02:01:58Z DEBUG haplotyper::assemble::ditch_graph] Removing (1927, 0)
[2021-09-24T02:01:58Z DEBUG haplotyper::assemble::ditch_graph] FOCUS	TRY	443,0,T,1824,0,T,2,6.42
[2021-09-24T02:01:58Z DEBUG haplotyper::assemble::ditch_graph] TRACE	0	(1490, 0)	T
[2021-09-24T02:01:58Z DEBUG haplotyper::assemble::ditch_graph] TRACE	1	(1824, 0)	T
[2021-09-24T02:01:58Z DEBUG haplotyper::assemble::ditch_graph] FOCUS	SPAN	443,0,T,1824,0,T,2,6.42	564bp
[2021-09-24T02:01:58Z DEBUG haplotyper::assemble::ditch_graph] Removing (443,0,T)-(1490,0,T)
[2021-09-24T02:01:58Z DEBUG haplotyper::assemble::ditch_graph] Removing (1824,0,T)-(1490,0,H)
[2021-09-24T02:01:58Z DEBUG haplotyper::assemble::ditch_graph] FOCUS	TRY	1932,0,T,1915,0,T,2,6.08
[2021-09-24T02:01:58Z DEBUG haplotyper::assemble::ditch_graph] TRACE	0	(1621, 0)	T
[2021-09-24T02:01:58Z DEBUG haplotyper::assemble::ditch_graph] TRACE	1	(1915, 0)	T
[2021-09-24T02:01:58Z DEBUG haplotyper::assemble::ditch_graph] FOCUS	SPAN	1932,0,T,1915,0,T,2,6.08	384bp
[2021-09-24T02:01:58Z DEBUG haplotyper::assemble::ditch_graph] Removing (1932,0,T)-(1621,0,T)
[2021-09-24T02:01:58Z DEBUG haplotyper::assemble::ditch_graph] Removing (1915,0,T)-(1621,0,H)
[2021-09-24T02:01:58Z DEBUG haplotyper::assemble::ditch_graph] FOCUS	TRY	1824,0,H,1811,0,H,6,5.83
[2021-09-24T02:01:58Z DEBUG haplotyper::assemble::ditch_graph] Met stronger focus.
[2021-09-24T02:01:58Z DEBUG haplotyper::assemble::ditch_graph] FOCUS	TRY	1062,1,H,1132,0,T,5,5.82
[2021-09-24T02:01:58Z DEBUG haplotyper::assemble::ditch_graph] Met stronger focus.
[2021-09-24T02:01:58Z DEBUG haplotyper::assemble::ditch_graph] FOCUS	TRY	1062,0,H,1863,1,H,4,5.82
[2021-09-24T02:01:58Z DEBUG haplotyper::assemble::ditch_graph] Met stronger focus.
[2021-09-24T02:01:58Z DEBUG haplotyper::assemble::ditch_graph] FOCUS	TRY	243,1,T,873,1,H,3,5.24
[2021-09-24T02:01:58Z DEBUG haplotyper::assemble::ditch_graph] TRACE	0	(917, 0)	T
[2021-09-24T02:01:58Z DEBUG haplotyper::assemble::ditch_graph] TRACE	1	(244, 0)	H
[2021-09-24T02:01:58Z DEBUG haplotyper::assemble::ditch_graph] TRACE	2	(873, 1)	H
[2021-09-24T02:01:58Z DEBUG haplotyper::assemble::ditch_graph] FOCUS	SPAN	243,1,T,873,1,H,3,5.24	4906bp
[2021-09-24T02:01:58Z DEBUG haplotyper::assemble::ditch_graph] Removing (243,1,T)-(917,0,T)
[2021-09-24T02:01:58Z DEBUG haplotyper::assemble::ditch_graph] Removing (873,1,H)-(244,0,T)
[2021-09-24T02:01:58Z DEBUG haplotyper::assemble::ditch_graph] Removing (244,0,H)-(917,0,H)
[2021-09-24T02:01:58Z DEBUG haplotyper::assemble::ditch_graph] Removing (917,0,T)-(243,0,T)
[2021-09-24T02:01:58Z DEBUG haplotyper::assemble::ditch_graph] Removing (917, 0)
[2021-09-24T02:01:58Z DEBUG haplotyper::assemble::ditch_graph] Removing (244, 0)
[2021-09-24T02:01:58Z DEBUG haplotyper::assemble::ditch_graph] FOCI	NUM	3
[2021-09-24T02:01:58Z DEBUG haplotyper::assemble::ditch_graph] FOCUS	TRY	1824,0,H,1811,0,H,6,5.83
[2021-09-24T02:01:58Z DEBUG haplotyper::assemble::ditch_graph] TRACE	0	(444, 0)	H
[2021-09-24T02:01:58Z DEBUG haplotyper::assemble::ditch_graph] TRACE	1	(1811, 0)	H
[2021-09-24T02:01:58Z DEBUG haplotyper::assemble::ditch_graph] FOCUS	SPAN	1824,0,H,1811,0,H,6,5.83	4739bp
[2021-09-24T02:01:58Z DEBUG haplotyper::assemble::ditch_graph] Removing (1824,0,H)-(444,0,H)
[2021-09-24T02:01:58Z DEBUG haplotyper::assemble::ditch_graph] Removing (1811,0,H)-(444,0,T)
[2021-09-24T02:01:58Z DEBUG haplotyper::assemble::ditch_graph] Removing (444,0,H)-(1490,0,H)
[2021-09-24T02:01:58Z DEBUG haplotyper::assemble::ditch_graph] Removing (444, 0)
[2021-09-24T02:01:58Z DEBUG haplotyper::assemble::ditch_graph] FOCUS	TRY	1062,1,H,1132,0,T,5,5.82
[2021-09-24T02:01:58Z DEBUG haplotyper::assemble::ditch_graph] TRACE	0	(1383, 0)	T
[2021-09-24T02:01:58Z DEBUG haplotyper::assemble::ditch_graph] TRACE	1	(1860, 0)	T
[2021-09-24T02:01:58Z DEBUG haplotyper::assemble::ditch_graph] TRACE	2	(74, 0)	T
[2021-09-24T02:01:58Z DEBUG haplotyper::assemble::ditch_graph] TRACE	3	(1863, 0)	H
[2021-09-24T02:01:58Z DEBUG haplotyper::assemble::ditch_graph] TRACE	4	(1132, 0)	T
[2021-09-24T02:01:58Z DEBUG haplotyper::assemble::ditch_graph] FOCUS	SPAN	1062,1,H,1132,0,T,5,5.82	4357bp
[2021-09-24T02:01:58Z DEBUG haplotyper::assemble::ditch_graph] Removing (1062,1,H)-(1383,0,T)
[2021-09-24T02:01:58Z DEBUG haplotyper::assemble::ditch_graph] Removing (1132,0,T)-(1863,0,T)
[2021-09-24T02:01:58Z DEBUG haplotyper::assemble::ditch_graph] Removing (1863,0,H)-(74,1,H)
[2021-09-24T02:01:58Z DEBUG haplotyper::assemble::ditch_graph] Removing (74,1,T)-(1860,0,H)
[2021-09-24T02:01:58Z DEBUG haplotyper::assemble::ditch_graph] Removing (74, 1)
[2021-09-24T02:01:58Z DEBUG haplotyper::assemble::ditch_graph] Removing (1863,0,H)-(74,0,H)
[2021-09-24T02:01:58Z DEBUG haplotyper::assemble::ditch_graph] Removing (1863, 0)
[2021-09-24T02:01:58Z DEBUG haplotyper::assemble::ditch_graph] FOCI	NUM	30	Before removing weak foci.
[2021-09-24T02:01:58Z DEBUG haplotyper::assemble::ditch_graph] FOCI	NUM	3	Filtered out weak foci.
[2021-09-24T02:01:58Z DEBUG haplotyper::assemble::ditch_graph] FOCI	NUM	3
[2021-09-24T02:01:58Z DEBUG haplotyper::assemble::ditch_graph] FOCUS	TRY	1011,1,H,1937,0,T,7,10.40
[2021-09-24T02:01:58Z DEBUG haplotyper::assemble::ditch_graph] TRACE	0	(1943, 0)	T
[2021-09-24T02:01:58Z DEBUG haplotyper::assemble::ditch_graph] TRACE	1	(189, 0)	H
[2021-09-24T02:01:58Z DEBUG haplotyper::assemble::ditch_graph] TRACE	2	(1905, 0)	H
[2021-09-24T02:01:58Z DEBUG haplotyper::assemble::ditch_graph] TRACE	3	(1562, 0)	T
[2021-09-24T02:01:58Z DEBUG haplotyper::assemble::ditch_graph] TRACE	4	(190, 1)	H
[2021-09-24T02:01:58Z DEBUG haplotyper::assemble::ditch_graph] TRACE	5	(1039, 1)	T
[2021-09-24T02:01:58Z DEBUG haplotyper::assemble::ditch_graph] TRACE	6	(1937, 0)	T
[2021-09-24T02:01:58Z DEBUG haplotyper::assemble::ditch_graph] FOCUS	SPAN	1011,1,H,1937,0,T,7,10.40	8847bp
[2021-09-24T02:01:58Z DEBUG haplotyper::assemble::ditch_graph] Removing (1011,1,H)-(1943,0,T)
[2021-09-24T02:01:58Z DEBUG haplotyper::assemble::ditch_graph] Removing (1937,0,T)-(1039,1,H)
[2021-09-24T02:01:58Z DEBUG haplotyper::assemble::ditch_graph] Removing (1039,1,T)-(190,1,T)
[2021-09-24T02:01:58Z DEBUG haplotyper::assemble::ditch_graph] Removing (190,1,H)-(1562,0,H)
[2021-09-24T02:01:58Z DEBUG haplotyper::assemble::ditch_graph] Removing (1562,0,T)-(1905,0,T)
[2021-09-24T02:01:58Z DEBUG haplotyper::assemble::ditch_graph] Removing (1562, 0)
[2021-09-24T02:01:58Z DEBUG haplotyper::assemble::ditch_graph] Removing (190, 1)
[2021-09-24T02:01:58Z DEBUG haplotyper::assemble::ditch_graph] Removing (1039, 1)
[2021-09-24T02:01:58Z DEBUG haplotyper::assemble::ditch_graph] FOCUS	TRY	782,0,T,204,1,T,6,9.44
[2021-09-24T02:01:58Z DEBUG haplotyper::assemble::ditch_graph] TRACE	0	(194, 0)	H
[2021-09-24T02:01:58Z DEBUG haplotyper::assemble::ditch_graph] TRACE	1	(206, 1)	T
[2021-09-24T02:01:58Z DEBUG haplotyper::assemble::ditch_graph] TRACE	2	(118, 1)	T
[2021-09-24T02:01:58Z DEBUG haplotyper::assemble::ditch_graph] TRACE	3	(205, 1)	T
[2021-09-24T02:01:58Z DEBUG haplotyper::assemble::ditch_graph] TRACE	4	(117, 0)	T
[2021-09-24T02:01:58Z DEBUG haplotyper::assemble::ditch_graph] TRACE	5	(204, 1)	T
[2021-09-24T02:01:58Z DEBUG haplotyper::assemble::ditch_graph] FOCUS	SPAN	782,0,T,204,1,T,6,9.44	12820bp
[2021-09-24T02:01:58Z DEBUG haplotyper::assemble::ditch_graph] Removing (782,0,T)-(194,0,H)
[2021-09-24T02:01:58Z DEBUG haplotyper::assemble::ditch_graph] Removing (204,1,T)-(117,0,H)
[2021-09-24T02:01:58Z DEBUG haplotyper::assemble::ditch_graph] Removing (117,0,T)-(205,1,H)
[2021-09-24T02:01:58Z DEBUG haplotyper::assemble::ditch_graph] Removing (205,1,T)-(118,1,H)
[2021-09-24T02:01:58Z DEBUG haplotyper::assemble::ditch_graph] Removing (205, 1)
[2021-09-24T02:01:58Z DEBUG haplotyper::assemble::ditch_graph] Removing (117, 0)
[2021-09-24T02:01:58Z DEBUG haplotyper::assemble::ditch_graph] FOCUS	TRY	712,1,H,193,0,T,6,7.02
[2021-09-24T02:01:58Z DEBUG haplotyper::assemble::ditch_graph] TRACE	0	(809, 0)	T
[2021-09-24T02:01:58Z DEBUG haplotyper::assemble::ditch_graph] TRACE	1	(1924, 0)	T
[2021-09-24T02:01:58Z DEBUG haplotyper::assemble::ditch_graph] TRACE	2	(808, 0)	T
[2021-09-24T02:01:58Z DEBUG haplotyper::assemble::ditch_graph] TRACE	3	(1769, 0)	T
[2021-09-24T02:01:58Z DEBUG haplotyper::assemble::ditch_graph] TRACE	4	(1290, 0)	H
[2021-09-24T02:01:58Z DEBUG haplotyper::assemble::ditch_graph] TRACE	5	(193, 0)	T
[2021-09-24T02:01:58Z DEBUG haplotyper::assemble::ditch_graph] FOCUS	SPAN	712,1,H,193,0,T,6,7.02	10698bp
[2021-09-24T02:01:58Z DEBUG haplotyper::assemble::ditch_graph] Removing (712,1,H)-(809,0,T)
[2021-09-24T02:01:58Z DEBUG haplotyper::assemble::ditch_graph] Removing (193,0,T)-(1290,0,T)
[2021-09-24T02:01:58Z DEBUG haplotyper::assemble::ditch_graph] Removing (1290,0,H)-(1769,0,H)
[2021-09-24T02:01:58Z DEBUG haplotyper::assemble::ditch_graph] Removing (1769,0,T)-(808,0,H)
[2021-09-24T02:01:58Z DEBUG haplotyper::assemble::ditch_graph] Removing (1769, 0)
[2021-09-24T02:01:58Z DEBUG haplotyper::assemble::ditch_graph] Removing (1290, 0)
[2021-09-24T02:01:58Z DEBUG haplotyper::assemble::ditch_graph] FOCI	NUM	23	Before removing weak foci.
[2021-09-24T02:01:58Z DEBUG haplotyper::assemble::ditch_graph] FOCI	NUM	0	Filtered out weak foci.
[2021-09-24T02:01:58Z DEBUG haplotyper::assemble::ditch_graph] COVERAGE	25.500	27.733
[2021-09-24T02:01:58Z DEBUG haplotyper::assemble::copy_number] ISOLATED	TIP	NORMAL
[2021-09-24T02:01:58Z DEBUG haplotyper::assemble::copy_number] 0	3	267
[2021-09-24T02:01:59Z DEBUG haplotyper::assemble::ditch_graph] UNSOUND	95	3222
[2021-09-24T02:01:59Z DEBUG haplotyper::assemble::ditch_graph] REMOVED	8	4
[2021-09-24T02:01:59Z DEBUG haplotyper::assemble::ditch_graph] FOCI	RESOLVE	2.000	4
[2021-09-24T02:01:59Z DEBUG haplotyper::assemble::ditch_graph] FOCI	NUM	29	Before removing weak foci.
[2021-09-24T02:01:59Z DEBUG haplotyper::assemble::ditch_graph] FOCI	NUM	21	Filtered out weak foci.
[2021-09-24T02:01:59Z DEBUG haplotyper::assemble::ditch_graph] FOCI	NUM	21
[2021-09-24T02:01:59Z DEBUG haplotyper::assemble::ditch_graph] FOCUS	TRY	1811,0,T,1827,0,T,5,10.73
[2021-09-24T02:01:59Z DEBUG haplotyper::assemble::ditch_graph] TRACE	0	(1509, 0)	T
[2021-09-24T02:01:59Z DEBUG haplotyper::assemble::ditch_graph] TRACE	1	(1817, 0)	T
[2021-09-24T02:01:59Z DEBUG haplotyper::assemble::ditch_graph] TRACE	2	(1184, 0)	T
[2021-09-24T02:01:59Z DEBUG haplotyper::assemble::ditch_graph] TRACE	3	(1771, 1)	H
[2021-09-24T02:01:59Z DEBUG haplotyper::assemble::ditch_graph] TRACE	4	(1827, 0)	T
[2021-09-24T02:01:59Z DEBUG haplotyper::assemble::ditch_graph] FOCUS	SPAN	1811,0,T,1827,0,T,5,10.73	7634bp
[2021-09-24T02:01:59Z DEBUG haplotyper::assemble::ditch_graph] Removing (1811,0,T)-(1509,0,T)
[2021-09-24T02:01:59Z DEBUG haplotyper::assemble::ditch_graph] Removing (1827,0,T)-(1771,1,T)
[2021-09-24T02:01:59Z DEBUG haplotyper::assemble::ditch_graph] FOCUS	TRY	521,0,H,890,1,H,5,5.00
[2021-09-24T02:01:59Z DEBUG haplotyper::assemble::ditch_graph] TRACE	0	(322, 0)	T
[2021-09-24T02:01:59Z DEBUG haplotyper::assemble::ditch_graph] TRACE	1	(321, 0)	T
[2021-09-24T02:01:59Z DEBUG haplotyper::assemble::ditch_graph] TRACE	2	(889, 0)	H
[2021-09-24T02:01:59Z DEBUG haplotyper::assemble::ditch_graph] TRACE	3	(1459, 0)	H
[2021-09-24T02:01:59Z DEBUG haplotyper::assemble::ditch_graph] TRACE	4	(890, 1)	H
[2021-09-24T02:01:59Z DEBUG haplotyper::assemble::ditch_graph] FOCUS	SPAN	521,0,H,890,1,H,5,5.00	12466bp
[2021-09-24T02:01:59Z DEBUG haplotyper::assemble::ditch_graph] Removing (521,0,H)-(322,0,T)
[2021-09-24T02:01:59Z DEBUG haplotyper::assemble::ditch_graph] Removing (890,1,H)-(1459,0,T)
[2021-09-24T02:01:59Z DEBUG haplotyper::assemble::ditch_graph] FOCUS	TRY	1140,0,H,281,0,T,10,4.80
[2021-09-24T02:01:59Z DEBUG haplotyper::assemble::ditch_graph] TRACE	0	(548, 0)	H
[2021-09-24T02:01:59Z DEBUG haplotyper::assemble::ditch_graph] TRACE	1	(1866, 0)	H
[2021-09-24T02:01:59Z DEBUG haplotyper::assemble::ditch_graph] TRACE	2	(1139, 0)	T
[2021-09-24T02:01:59Z DEBUG haplotyper::assemble::ditch_graph] TRACE	3	(549, 0)	H
[2021-09-24T02:01:59Z DEBUG haplotyper::assemble::ditch_graph] TRACE	4	(1886, 0)	T
[2021-09-24T02:01:59Z DEBUG haplotyper::assemble::ditch_graph] TRACE	5	(150, 1)	H
[2021-09-24T02:01:59Z DEBUG haplotyper::assemble::ditch_graph] TRACE	6	(550, 0)	H
[2021-09-24T02:01:59Z DEBUG haplotyper::assemble::ditch_graph] TRACE	7	(1896, 1)	T
[2021-09-24T02:01:59Z DEBUG haplotyper::assemble::ditch_graph] TRACE	8	(1895, 0)	T
[2021-09-24T02:01:59Z DEBUG haplotyper::assemble::ditch_graph] TRACE	9	(281, 0)	T
[2021-09-24T02:01:59Z DEBUG haplotyper::assemble::ditch_graph] FOCUS	SPAN	1140,0,H,281,0,T,10,4.80	15788bp
[2021-09-24T02:01:59Z DEBUG haplotyper::assemble::ditch_graph] Removing (1140,0,H)-(548,0,H)
[2021-09-24T02:01:59Z DEBUG haplotyper::assemble::ditch_graph] Removing (281,0,T)-(1895,0,H)
[2021-09-24T02:01:59Z DEBUG haplotyper::assemble::ditch_graph] Removing (1895,0,T)-(1896,1,H)
[2021-09-24T02:01:59Z DEBUG haplotyper::assemble::ditch_graph] Removing (1896,1,T)-(550,0,T)
[2021-09-24T02:01:59Z DEBUG haplotyper::assemble::ditch_graph] Removing (1896, 1)
[2021-09-24T02:01:59Z DEBUG haplotyper::assemble::ditch_graph] Removing (1895, 0)
[2021-09-24T02:01:59Z DEBUG haplotyper::assemble::ditch_graph] FOCUS	TRY	1519,0,H,281,0,T,11,4.80
[2021-09-24T02:01:59Z DEBUG haplotyper::assemble::ditch_graph] TRACE	0	(1140, 0)	T
[2021-09-24T02:01:59Z DEBUG haplotyper::assemble::ditch_graph] TRACE	1	(281, 0)	T
[2021-09-24T02:01:59Z DEBUG haplotyper::assemble::ditch_graph] FOCUS	SPAN	1519,0,H,281,0,T,11,4.80	17424bp
[2021-09-24T02:01:59Z DEBUG haplotyper::assemble::ditch_graph] Removing (1519,0,H)-(1140,0,T)
[2021-09-24T02:01:59Z DEBUG haplotyper::assemble::ditch_graph] Removing (281,0,T)-(1140,0,H)
[2021-09-24T02:01:59Z DEBUG haplotyper::assemble::ditch_graph] Removing (1140,0,T)-(1519,1,H)
[2021-09-24T02:01:59Z DEBUG haplotyper::assemble::ditch_graph] Removing (1519,1,T)-(967,0,H)
[2021-09-24T02:01:59Z DEBUG haplotyper::assemble::ditch_graph] Removing (1519, 1)
[2021-09-24T02:01:59Z DEBUG haplotyper::assemble::ditch_graph] Removing (1140, 0)
[2021-09-24T02:01:59Z DEBUG haplotyper::assemble::ditch_graph] FOCUS	TRY	1498,0,H,1664,0,T,3,4.80
[2021-09-24T02:01:59Z DEBUG haplotyper::assemble::ditch_graph] TRACE	0	(455, 2)	H
[2021-09-24T02:01:59Z DEBUG haplotyper::assemble::ditch_graph] TRACE	1	(340, 1)	T
[2021-09-24T02:01:59Z DEBUG haplotyper::assemble::ditch_graph] TRACE	2	(1664, 0)	T
[2021-09-24T02:01:59Z DEBUG haplotyper::assemble::ditch_graph] FOCUS	SPAN	1498,0,H,1664,0,T,3,4.80	12167bp
[2021-09-24T02:01:59Z DEBUG haplotyper::assemble::ditch_graph] Removing (1498,0,H)-(455,2,H)
[2021-09-24T02:01:59Z DEBUG haplotyper::assemble::ditch_graph] Removing (1664,0,T)-(340,1,H)
[2021-09-24T02:01:59Z DEBUG haplotyper::assemble::ditch_graph] Removing (340,1,T)-(455,2,T)
[2021-09-24T02:01:59Z DEBUG haplotyper::assemble::ditch_graph] Removing (340, 1)
[2021-09-24T02:01:59Z DEBUG haplotyper::assemble::ditch_graph] Removing (1498,6,H)-(455,2,H)
[2021-09-24T02:01:59Z DEBUG haplotyper::assemble::ditch_graph] Removing (455,2,T)-(340,0,T)
[2021-09-24T02:01:59Z DEBUG haplotyper::assemble::ditch_graph] Removing (455, 2)
[2021-09-24T02:01:59Z DEBUG haplotyper::assemble::ditch_graph] FOCUS	TRY	115,0,H,620,0,H,6,3.13
[2021-09-24T02:01:59Z DEBUG haplotyper::assemble::ditch_graph] TRACE	0	(114, 0)	T
[2021-09-24T02:01:59Z DEBUG haplotyper::assemble::ditch_graph] TRACE	1	(840, 0)	T
[2021-09-24T02:01:59Z DEBUG haplotyper::assemble::ditch_graph] TRACE	2	(113, 0)	T
[2021-09-24T02:01:59Z DEBUG haplotyper::assemble::ditch_graph] TRACE	3	(839, 0)	T
[2021-09-24T02:01:59Z DEBUG haplotyper::assemble::ditch_graph] TRACE	4	(112, 0)	T
[2021-09-24T02:01:59Z DEBUG haplotyper::assemble::ditch_graph] TRACE	5	(620, 0)	H
[2021-09-24T02:01:59Z DEBUG haplotyper::assemble::ditch_graph] FOCUS	SPAN	115,0,H,620,0,H,6,3.13	15617bp
[2021-09-24T02:01:59Z DEBUG haplotyper::assemble::ditch_graph] Removing (115,0,H)-(114,0,T)
[2021-09-24T02:01:59Z DEBUG haplotyper::assemble::ditch_graph] Removing (620,0,H)-(112,0,H)
[2021-09-24T02:01:59Z DEBUG haplotyper::assemble::ditch_graph] Removing (112,0,T)-(839,0,H)
[2021-09-24T02:01:59Z DEBUG haplotyper::assemble::ditch_graph] Removing (112, 0)
[2021-09-24T02:01:59Z DEBUG haplotyper::assemble::ditch_graph] FOCUS	TRY	1249,0,T,1498,7,T,6,3.12
[2021-09-24T02:01:59Z DEBUG haplotyper::assemble::ditch_graph] TRACE	0	(1573, 1)	H
[2021-09-24T02:01:59Z DEBUG haplotyper::assemble::ditch_graph] TRACE	1	(1248, 1)	T
[2021-09-24T02:01:59Z DEBUG haplotyper::assemble::ditch_graph] TRACE	2	(200, 2)	T
[2021-09-24T02:01:59Z DEBUG haplotyper::assemble::ditch_graph] TRACE	3	(815, 3)	T
[2021-09-24T02:01:59Z DEBUG haplotyper::assemble::ditch_graph] TRACE	4	(442, 1)	T
[2021-09-24T02:01:59Z DEBUG haplotyper::assemble::ditch_graph] TRACE	5	(1498, 7)	T
[2021-09-24T02:01:59Z DEBUG haplotyper::assemble::ditch_graph] FOCUS	SPAN	1249,0,T,1498,7,T,6,3.12	11426bp
[2021-09-24T02:01:59Z DEBUG haplotyper::assemble::ditch_graph] Removing (1249,0,T)-(1573,1,H)
[2021-09-24T02:01:59Z DEBUG haplotyper::assemble::ditch_graph] Removing (1498,7,T)-(442,1,H)
[2021-09-24T02:01:59Z DEBUG haplotyper::assemble::ditch_graph] Removing (1249,1,T)-(1573,1,H)
[2021-09-24T02:01:59Z DEBUG haplotyper::assemble::ditch_graph] Removing (1573,1,T)-(1248,1,T)
[2021-09-24T02:01:59Z DEBUG haplotyper::assemble::ditch_graph] Removing (1248,1,H)-(200,2,T)
[2021-09-24T02:01:59Z DEBUG haplotyper::assemble::ditch_graph] Removing (1248,1,H)-(200,0,T)
[2021-09-24T02:01:59Z DEBUG haplotyper::assemble::ditch_graph] Removing (1248, 1)
[2021-09-24T02:01:59Z DEBUG haplotyper::assemble::ditch_graph] Removing (1573, 1)
[2021-09-24T02:01:59Z DEBUG haplotyper::assemble::ditch_graph] Removing (1573,0,T)-(200,2,T)
[2021-09-24T02:01:59Z DEBUG haplotyper::assemble::ditch_graph] Removing (200,2,H)-(815,3,T)
[2021-09-24T02:01:59Z DEBUG haplotyper::assemble::ditch_graph] Removing (815,3,H)-(442,1,T)
[2021-09-24T02:01:59Z DEBUG haplotyper::assemble::ditch_graph] Removing (442,1,H)-(455,0,H)
[2021-09-24T02:01:59Z DEBUG haplotyper::assemble::ditch_graph] Removing (442, 1)
[2021-09-24T02:01:59Z DEBUG haplotyper::assemble::ditch_graph] Removing (815, 3)
[2021-09-24T02:01:59Z DEBUG haplotyper::assemble::ditch_graph] Removing (200, 2)
[2021-09-24T02:01:59Z DEBUG haplotyper::assemble::ditch_graph] FOCUS	TRY	1466,1,T,514,0,H,5,2.86
[2021-09-24T02:01:59Z DEBUG haplotyper::assemble::ditch_graph] TRACE	0	(511, 1)	H
[2021-09-24T02:01:59Z DEBUG haplotyper::assemble::ditch_graph] TRACE	1	(794, 0)	H
[2021-09-24T02:01:59Z DEBUG haplotyper::assemble::ditch_graph] TRACE	2	(512, 1)	H
[2021-09-24T02:01:59Z DEBUG haplotyper::assemble::ditch_graph] TRACE	3	(513, 1)	H
[2021-09-24T02:01:59Z DEBUG haplotyper::assemble::ditch_graph] TRACE	4	(514, 0)	H
[2021-09-24T02:01:59Z DEBUG haplotyper::assemble::ditch_graph] FOCUS	SPAN	1466,1,T,514,0,H,5,2.86	14022bp
[2021-09-24T02:01:59Z DEBUG haplotyper::assemble::ditch_graph] Removing (1466,1,T)-(511,1,H)
[2021-09-24T02:01:59Z DEBUG haplotyper::assemble::ditch_graph] Removing (514,0,H)-(513,1,T)
[2021-09-24T02:01:59Z DEBUG haplotyper::assemble::ditch_graph] Removing (513,1,H)-(512,1,T)
[2021-09-24T02:01:59Z DEBUG haplotyper::assemble::ditch_graph] Removing (513, 1)
[2021-09-24T02:01:59Z DEBUG haplotyper::assemble::ditch_graph] Removing (1466,0,T)-(511,1,H)
[2021-09-24T02:01:59Z DEBUG haplotyper::assemble::ditch_graph] Removing (511,1,T)-(794,0,H)
[2021-09-24T02:01:59Z DEBUG haplotyper::assemble::ditch_graph] Removing (794,0,T)-(512,0,H)
[2021-09-24T02:01:59Z DEBUG haplotyper::assemble::ditch_graph] Removing (794,0,T)-(512,1,H)
[2021-09-24T02:01:59Z DEBUG haplotyper::assemble::ditch_graph] Removing (512,1,T)-(513,0,H)
[2021-09-24T02:01:59Z DEBUG haplotyper::assemble::ditch_graph] Removing (512, 1)
[2021-09-24T02:01:59Z DEBUG haplotyper::assemble::ditch_graph] Removing (794, 0)
[2021-09-24T02:01:59Z DEBUG haplotyper::assemble::ditch_graph] Removing (511, 1)
[2021-09-24T02:01:59Z DEBUG haplotyper::assemble::ditch_graph] FOCUS	TRY	481,1,H,480,1,T,2,2.66
[2021-09-24T02:01:59Z DEBUG haplotyper::assemble::ditch_graph] TRACE	0	(1281, 1)	H
[2021-09-24T02:01:59Z DEBUG haplotyper::assemble::ditch_graph] TRACE	1	(480, 1)	T
[2021-09-24T02:01:59Z DEBUG haplotyper::assemble::ditch_graph] FOCUS	SPAN	481,1,H,480,1,T,2,2.66	2481bp
[2021-09-24T02:01:59Z DEBUG haplotyper::assemble::ditch_graph] Removing (481,1,H)-(1281,1,H)
[2021-09-24T02:01:59Z DEBUG haplotyper::assemble::ditch_graph] Removing (480,1,T)-(1281,1,T)
[2021-09-24T02:01:59Z DEBUG haplotyper::assemble::ditch_graph] Removing (480,1,T)-(1281,0,T)
[2021-09-24T02:01:59Z DEBUG haplotyper::assemble::ditch_graph] Removing (481,0,H)-(1281,1,H)
[2021-09-24T02:01:59Z DEBUG haplotyper::assemble::ditch_graph] Removing (1281,1,T)-(480,0,T)
[2021-09-24T02:01:59Z DEBUG haplotyper::assemble::ditch_graph] Removing (1281, 1)
[2021-09-24T02:01:59Z DEBUG haplotyper::assemble::ditch_graph] FOCUS	TRY	216,0,H,1371,1,T,6,2.65
[2021-09-24T02:01:59Z DEBUG haplotyper::assemble::ditch_graph] TRACE	0	(1070, 0)	H
[2021-09-24T02:01:59Z DEBUG haplotyper::assemble::ditch_graph] TRACE	1	(215, 0)	T
[2021-09-24T02:01:59Z DEBUG haplotyper::assemble::ditch_graph] TRACE	2	(694, 0)	T
[2021-09-24T02:01:59Z DEBUG haplotyper::assemble::ditch_graph] TRACE	3	(214, 1)	T
[2021-09-24T02:01:59Z DEBUG haplotyper::assemble::ditch_graph] TRACE	4	(693, 0)	T
[2021-09-24T02:01:59Z DEBUG haplotyper::assemble::ditch_graph] TRACE	5	(1371, 1)	T
[2021-09-24T02:01:59Z DEBUG haplotyper::assemble::ditch_graph] FOCUS	SPAN	216,0,H,1371,1,T,6,2.65	12428bp
[2021-09-24T02:01:59Z DEBUG haplotyper::assemble::ditch_graph] Removing (216,0,H)-(1070,0,H)
[2021-09-24T02:01:59Z DEBUG haplotyper::assemble::ditch_graph] Removing (1371,1,T)-(693,1,H)
[2021-09-24T02:01:59Z DEBUG haplotyper::assemble::ditch_graph] Removing (693,1,T)-(214,0,H)
[2021-09-24T02:01:59Z DEBUG haplotyper::assemble::ditch_graph] Removing (693, 1)
[2021-09-24T02:01:59Z DEBUG haplotyper::assemble::ditch_graph] Removing (1371,1,T)-(693,0,H)
[2021-09-24T02:01:59Z DEBUG haplotyper::assemble::ditch_graph] Removing (694,0,H)-(214,1,T)
[2021-09-24T02:01:59Z DEBUG haplotyper::assemble::ditch_graph] Removing (214,1,H)-(693,0,T)
[2021-09-24T02:01:59Z DEBUG haplotyper::assemble::ditch_graph] Removing (214, 1)
[2021-09-24T02:01:59Z DEBUG haplotyper::assemble::ditch_graph] FOCUS	TRY	318,1,T,369,0,T,7,2.30
[2021-09-24T02:01:59Z DEBUG haplotyper::assemble::ditch_graph] TRACE	0	(372, 0)	T
[2021-09-24T02:01:59Z DEBUG haplotyper::assemble::ditch_graph] TRACE	1	(316, 1)	H
[2021-09-24T02:01:59Z DEBUG haplotyper::assemble::ditch_graph] TRACE	2	(371, 1)	T
[2021-09-24T02:01:59Z DEBUG haplotyper::assemble::ditch_graph] TRACE	3	(317, 0)	H
[2021-09-24T02:01:59Z DEBUG haplotyper::assemble::ditch_graph] TRACE	4	(370, 0)	T
[2021-09-24T02:01:59Z DEBUG haplotyper::assemble::ditch_graph] TRACE	5	(318, 0)	H
[2021-09-24T02:01:59Z DEBUG haplotyper::assemble::ditch_graph] TRACE	6	(369, 0)	T
[2021-09-24T02:01:59Z DEBUG haplotyper::assemble::ditch_graph] FOCUS	SPAN	318,1,T,369,0,T,7,2.30	12943bp
[2021-09-24T02:01:59Z DEBUG haplotyper::assemble::ditch_graph] Removing (318,1,T)-(372,0,T)
[2021-09-24T02:01:59Z DEBUG haplotyper::assemble::ditch_graph] Removing (369,0,T)-(318,0,T)
[2021-09-24T02:01:59Z DEBUG haplotyper::assemble::ditch_graph] Removing (343,0,H)-(372,0,T)
[2021-09-24T02:01:59Z DEBUG haplotyper::assemble::ditch_graph] Removing (372,0,H)-(316,1,H)
[2021-09-24T02:01:59Z DEBUG haplotyper::assemble::ditch_graph] Removing (316,1,T)-(371,1,T)
[2021-09-24T02:01:59Z DEBUG haplotyper::assemble::ditch_graph] Removing (371,1,H)-(317,0,H)
[2021-09-24T02:01:59Z DEBUG haplotyper::assemble::ditch_graph] Removing (317,0,T)-(370,0,T)
[2021-09-24T02:01:59Z DEBUG haplotyper::assemble::ditch_graph] Removing (370,0,H)-(318,0,H)
[2021-09-24T02:01:59Z DEBUG haplotyper::assemble::ditch_graph] Removing (318,0,T)-(369,1,T)
[2021-09-24T02:01:59Z DEBUG haplotyper::assemble::ditch_graph] Removing (318, 0)
[2021-09-24T02:01:59Z DEBUG haplotyper::assemble::ditch_graph] Removing (370, 0)
[2021-09-24T02:01:59Z DEBUG haplotyper::assemble::ditch_graph] Removing (317, 0)
[2021-09-24T02:01:59Z DEBUG haplotyper::assemble::ditch_graph] Removing (371, 1)
[2021-09-24T02:01:59Z DEBUG haplotyper::assemble::ditch_graph] Removing (316, 1)
[2021-09-24T02:01:59Z DEBUG haplotyper::assemble::ditch_graph] Removing (372, 0)
[2021-09-24T02:01:59Z DEBUG haplotyper::assemble::ditch_graph] FOCI	NUM	5	Before removing weak foci.
[2021-09-24T02:01:59Z DEBUG haplotyper::assemble::ditch_graph] FOCI	NUM	0	Filtered out weak foci.
[2021-09-24T02:01:59Z DEBUG haplotyper::assemble::ditch_graph] COVERAGE	25.500	27.733
[2021-09-24T02:01:59Z DEBUG haplotyper::assemble::copy_number] ISOLATED	TIP	NORMAL
[2021-09-24T02:01:59Z DEBUG haplotyper::assemble::copy_number] 0	3	159
[2021-09-24T02:02:00Z DEBUG haplotyper::assemble] 162 segments(8243146 bp in total).
[2021-09-24T02:02:00Z DEBUG haplotyper::assemble] tig_000_000	1	413-1	1777-0	1312-0	762-0	1778-0	1311-0	1779-0	1310-0	1382-0	489-1	1381-0	488-0	1222-1	1221-1	487-1	1380-1	486-1	1220-1	1283-1	1614-0	581-0	580-0	1653-1	579-0	662-1	691-1	1284-0	302-1	661-1	1474-0	692-1	1371-0	693-0	214-0	694-0	215-0	1070-0	216-1	1069-1	217-0	1463-0	218-0	441-0	779-0	1068-0	780-0	1421-0	781-1	1420-1	782-0	194-0	206-1	118-1	205-1	117-0	204-1	116-1	1774-0	115-1	114-0	840-0	113-0	839-0	1637-0	620-0	1934-0
[2021-09-24T02:02:00Z DEBUG haplotyper::assemble] tig_000_001	2	1307-0	1780-0	479-0
[2021-09-24T02:02:00Z DEBUG haplotyper::assemble] tig_000_002	1	360-2
[2021-09-24T02:02:00Z DEBUG haplotyper::assemble] tig_000_003	1	1621-0	1932-1	584-0	1917-0	1622-1	1935-0	585-0	1927-1	1143-0	586-0	1920-1	1323-1	1925-0	642-0	1922-0	643-1	1926-0	644-0	1916-0
[2021-09-24T02:02:00Z DEBUG haplotyper::assemble] tig_000_004	2	1865-0	826-0	1857-0	827-0	1850-0	828-0
[2021-09-24T02:02:00Z DEBUG haplotyper::assemble] tig_000_005	1	21-0	220-1	102-0	221-1	1672-0	1304-1	101-1	100-1	1648-1	400-0	1156-0	1305-1	1157-0	811-0	1789-0	1158-0	1788-0	812-0	1792-0	1159-0	1795-0	813-0	1791-0	1339-0	277-0	1790-0	1340-0	278-0	1794-0	1341-0	279-0	1793-0	1342-0	280-1	1649-1	1609-1	556-1	161-0	557-0	162-0	473-1	163-0	309-0	164-1	310-1	165-1	311-0	1761-1	1592-0	166-0	1700-0	1521-1	172-0	670-1	171-0	669-1	170-1	668-1	169-1	168-0	1161-0	167-0	1162-1	10-1	1163-0	9-0	1164-0	8-0	1165-0	7-0	1166-0	6-0	5-0	1230-1	4-0	944-0	315-1	943-1	314-1	942-1	440-1	941-0	313-1	940-1	312-0	939-0	401-0	402-0	1291-0	960-0	959-0	411-0	958-0	412-0	1458-0	1452-1
[2021-09-24T02:02:00Z DEBUG haplotyper::assemble] tig_000_006	2	176-0	1931-0	838-0	1936-0	621-0
[2021-09-24T02:02:00Z DEBUG haplotyper::assemble] tig_000_007	2	1913-0	1274-0	1928-0
[2021-09-24T02:02:00Z DEBUG haplotyper::assemble] tig_000_008	2	1884-0
[2021-09-24T02:02:00Z DEBUG haplotyper::assemble] tig_000_009	2	825-0	1859-0	824-0	1840-0	1346-0	823-0	1846-0
[2021-09-24T02:02:00Z DEBUG haplotyper::assemble] tig_000_010	0	1753-1	1776-0
[2021-09-24T02:02:00Z DEBUG haplotyper::assemble] tig_000_011	0	1112-0
[2021-09-24T02:02:00Z DEBUG haplotyper::assemble] tig_000_012	2	461-0
[2021-09-24T02:02:00Z DEBUG haplotyper::assemble] tig_000_013	2	796-0	1000-0	1818-0	458-0	1821-0	1732-0	459-0	1822-0	1067-0	1830-0	1019-0	1816-0	460-0	1834-0	1066-0
[2021-09-24T02:02:00Z DEBUG haplotyper::assemble] tig_000_014	1	1869-1
[2021-09-24T02:02:00Z DEBUG haplotyper::assemble] tig_000_015	1	174-0
[2021-09-24T02:02:00Z DEBUG haplotyper::assemble] tig_000_016	1	841-1	1498-2	1603-0	455-1	1498-4	442-0	815-0	200-0	1573-0	1249-1	443-1	1490-0	444-1	1826-0	1489-0	1831-1	445-0	1509-0	1817-0	1184-0
[2021-09-24T02:02:00Z DEBUG haplotyper::assemble] tig_000_017	1	889-0
[2021-09-24T02:02:00Z DEBUG haplotyper::assemble] tig_000_018	1	1915-0	1621-0	1932-0	584-0	1917-0	1622-0	1935-0	585-1	1927-0	1143-1	586-0	1920-0	1323-0	1925-1	642-0	1922-0	643-0	1926-0	644-0	1916-1
[2021-09-24T02:02:00Z DEBUG haplotyper::assemble] tig_000_019	2	957-0	151-0	1357-0	728-0	152-0	956-0	153-0
[2021-09-24T02:02:00Z DEBUG haplotyper::assemble] tig_000_020	2	1393-0	1394-0	1395-0	1396-0	1808-0	1391-0	1810-0	1392-0	1457-0	1805-0	1076-0	1456-0	1807-0	1075-0	1455-0	1809-0	1074-0	1806-0	1073-0	1804-0	1706-0	1072-0
[2021-09-24T02:02:00Z DEBUG haplotyper::assemble] tig_000_021	2	805-0
[2021-09-24T02:02:00Z DEBUG haplotyper::assemble] tig_000_022	1	205-0	117-0	204-1	116-0	1774-0	115-0	114-0	840-0	113-0	839-0	112-0	620-0	1934-1
[2021-09-24T02:02:00Z DEBUG haplotyper::assemble] tig_000_023	2	1275-0	1914-0
[2021-09-24T02:02:00Z DEBUG haplotyper::assemble] tig_000_024	2	1122-0
[2021-09-24T02:02:00Z DEBUG haplotyper::assemble] tig_000_025	1	1679-1	1-0	1772-0	1520-0	0-0	1584-0	414-0	1585-0	415-0	1586-0	416-0	1587-1	417-0	1332-0	1588-0	1451-0	1563-0	1619-0	1435-0	386-1	1398-0	1587-0	1436-0	1202-1	2-0	1100-0	1618-2	1437-1	1679-0	1-1	27-0	26-0	25-1	855-1	24-0	1434-1	23-1	735-0	1233-0	1639-0	1052-0	1232-0	1053-0	53-0	973-0	54-1	1739-1	452-1	972-0	453-0	971-0	1403-1	454-0	45-0	1231-0	44-2	46-0	1404-0	43-0	42-0	48-0	41-0	49-0	40-0	1675-0	1270-1	22-0	1362-1	1685-0	1647-0	1268-0	1646-1	1686-0	1645-1	1266-1	1388-1	1644-0	1387-1	1579-1	1386-1	1580-1	1385-1	1350-0	1450-1	1351-0	613-0	1352-1	612-1	1728-0	611-0	1353-1	610-1	1354-1	609-0	44-3	771-0	977-0	770-0	976-1	769-0	975-1	768-1	1208-1	767-1	1535-1	1094-1	1534-1	936-0	594-0	1537-0	595-0	1536-0	186-0	187-0	188-1	1300-1	1193-0	1299-1	879-0	1722-0	880-1	748-0	881-1	749-0	882-0	750-0	587-1	751-0	588-0	752-0	589-0	753-0	590-0	1216-1	758-0	619-1	759-1	618-0	760-1	617-0	854-0	616-1	853-1	1298-1	1277-0	615-0	698-0	1731-1	699-1	1577-1	1491-0	1576-1	535-0	1492-1	871-1	534-1	1024-0	533-1	1025-1	532-0	1026-0	1389-0	1742-0	802-0	1741-0	801-0	1412-0	566-0	1413-0	567-0	1027-1	568-0	1265-0	569-1	570-0	1081-1	475-0	930-1	476-1	929-0	477-1	928-0	1542-1	927-0	1543-1	926-1	478-1	925-1	965-0	1023-0	269-0	1197-1	270-0	1198-1	966-0	1199-0	1105-1	1200-1	1338-1	177-0	1523-1	1288-1	1287-0	1423-0	1286-1	1424-1	1285-1	1425-1	741-0	740-1	739-1	1442-0	738-0	520-2	737-0	519-1	736-0	1517-0	1755-0	518-0	1667-1	1518-0	498-0	499-0	1756-0	500-0	1602-0	501-0	1601-0	502-0
[2021-09-24T02:02:00Z DEBUG haplotyper::assemble] tig_000_026	2	1065-0	1477-0
[2021-09-24T02:02:00Z DEBUG haplotyper::assemble] tig_000_027	2	297-0	1785-0	822-0	695-0	1786-0	821-0	986-0	1787-0	820-0
[2021-09-24T02:02:00Z DEBUG haplotyper::assemble] tig_000_028	0	515-1	516-0
[2021-09-24T02:02:00Z DEBUG haplotyper::assemble] tig_000_029	2	583-1
[2021-09-24T02:02:00Z DEBUG haplotyper::assemble] tig_000_030	0	461-1
[2021-09-24T02:02:00Z DEBUG haplotyper::assemble] tig_000_031	0	1620-0	582-1	1656-1	934-0	896-1
[2021-09-24T02:02:00Z DEBUG haplotyper::assemble] tig_000_032	1	503-1	1114-0	1115-0	1376-0	1116-1	1375-1	1117-0	1516-1	1118-1	1515-0	1297-1	666-1	1296-0	665-1	1295-1	1482-0	1514-0	664-1	1227-1	663-1	91-1	1370-1	90-1	1369-0	89-0	1302-0	1228-1	1301-1	88-0	1326-1	87-0	961-0	29-1	119-1	938-0	28-0	120-0	937-1	121-0	832-0	122-0	833-0	763-1	834-0	1665-0	835-1	1591-1	836-0	1041-1	497-0	1040-0	496-1	1533-1	1757-1	1532-1	495-0	1469-1	494-1	1470-0	493-1	1472-0	1368-1	1500-0	1367-1	242-1	241-1	1366-0	240-0	239-0	653-0	249-0	652-0	1578-1	946-0	1682-0	947-1	1683-0	850-0	57-1	678-1	56-0	677-0	1254-1	1255-1	851-1	55-1	852-1	1433-1	1678-0	1708-0	1071-1	1707-0
[2021-09-24T02:02:00Z DEBUG haplotyper::assemble] tig_000_033	2	1784-0	1306-0
[2021-09-24T02:02:00Z DEBUG haplotyper::assemble] tig_000_034	2	1083-0	1904-0	1276-0	1940-0
[2021-09-24T02:02:00Z DEBUG haplotyper::assemble] tig_000_035	1	1253-1	1325-1	1747-1	1141-0	1142-0	1498-1	395-1	1636-2	542-1	394-0	541-0	393-1	945-1	392-0	1061-0	1185-1	1570-0	540-0	696-0	474-1	1051-0	201-0	1248-0	200-1	1207-0	271-0	1022-1	697-0	841-2	257-0	272-0	258-0	273-0	274-1	390-1	1248-3	815-2	341-0	391-1	1498-6	340-0	1664-1	697-3	841-4	173-1	360-0	1226-1	637-1	437-1	438-0	1016-0	439-0	1501-0	202-1	1015-0	638-1	140-1	655-1	203-1	141-1	654-1	1467-0	200-3	142-0	1636-1	268-0	541-1	267-0	1539-0	1538-0	266-0	761-1	78-1	1744-0	265-0	11-0	12-1	375-0	13-0	376-0	14-0	377-1	15-1	79-0	378-0	849-1	379-0	848-1	1589-0	970-1	1259-0	952-0	1261-0	1487-1	1262-0	86-1	85-1	1322-0	84-1	1321-0	83-1	1320-0	82-0	1705-1	81-1	1717-0	80-0	428-1	614-1	427-0	451-1	426-0	450-0	425-1	457-1	424-0	423-0	1574-0	456-0	1483-1	1764-1	16-1	1365-1	17-0	1154-1	18-1	1155-1	1234-1	531-0	19-1	20-1
[2021-09-24T02:02:00Z DEBUG haplotyper::assemble] tig_000_036	1	413-0	1777-0	1312-1	762-1	1778-0	1311-1	1779-1	1310-1	1382-1	489-0	1381-1	488-1	1222-0	1221-0	487-0	1380-0	486-0	1220-0	1283-0	1614-1	581-1	580-1	1653-0	579-1	662-0	691-0	1284-1	302-0	661-0	1474-1	692-0	1371-1	693-0	214-1	694-0	215-0	1070-0	216-0	1069-0	217-1	1463-1	218-1	441-1	779-1	1068-1	780-1	1421-1	781-0	1420-0	782-1
[2021-09-24T02:02:00Z DEBUG haplotyper::assemble] tig_000_037	1	21-1	220-0	102-0	221-0	1672-1	1304-0	101-0	100-0	1648-0	400-1	1156-1	1305-0	1157-1	811-0	1789-1	1158-0	1788-0	812-1	1159-0	1795-0	813-0	1791-0	1339-0	277-1	1340-0	278-0	1341-0	279-0	1793-0	1342-0	280-0	1649-0	1609-0	556-0	161-1	557-1	162-1	473-0	163-1	309-1	164-0	310-0	165-0	311-1	1761-0	1592-1	166-1	1700-1	1521-0	172-1	670-0	171-1	669-0	170-0	668-0	169-0	168-1	1161-1	167-1	1162-0	10-0	1163-1	9-1	1164-0	8-1	1165-1	7-0	1166-1	6-1	5-1	1230-0	4-1	944-1	315-0	943-0	314-0	942-0	440-0	941-1	313-0	940-0	312-1	939-1	401-1	402-1	1291-1	960-1	959-1	411-1	958-1	412-1	1458-1	1452-0
[2021-09-24T02:02:00Z DEBUG haplotyper::assemble] tig_000_038	2	248-0	876-0	247-0	875-0
[2021-09-24T02:02:00Z DEBUG haplotyper::assemble] tig_000_039	2	634-0
[2021-09-24T02:02:00Z DEBUG haplotyper::assemble] tig_000_040	1	20-0	19-0	531-1	1234-0	1155-0	18-0	1154-0	17-1	1365-0	16-0	1764-0	1483-0	456-1	1574-1	423-1	424-1	457-0	425-0	450-1	426-1	451-0	427-1	614-0	428-0	80-1	1717-1	81-0	1705-0	82-1	1320-1	83-0	1321-1	84-0	1322-1	85-0	86-0	1262-1	1487-0	1261-1	953-0	1260-0	952-1	1259-1	970-0	1589-1	848-0	379-1	849-0	378-1	79-1	15-0	377-0	14-1	376-1	13-1	375-1	12-0	11-1	265-1	1744-1	78-0	761-0	266-1	1538-1	1539-1	267-1	541-2	268-1	1636-3	142-1	200-4	1467-1	654-0	141-0	203-0	655-0	140-0	638-0	1015-1	202-0	1501-1	439-1	1016-1	438-1	437-0	637-0	1226-0	360-1	173-0	841-3	697-1	1664-0	340-1	455-2	1498-0	391-0	341-1	815-1	1248-4	390-0	274-0	273-1	258-1	272-1	257-1	841-5	697-2	1022-0	271-1	1207-1	200-5	1248-2	201-1	1051-1	474-0	696-1	540-1	1104-0	1060-0	1185-0	1061-1	392-1	945-0	393-0	541-3	394-1	542-0	1636-0	395-0	1498-3	1142-1	1141-1	1747-0	1325-0	1253-0
[2021-09-24T02:02:00Z DEBUG haplotyper::assemble] tig_000_041	2	196-0	1876-0	99-0	197-0	1894-0	754-0	1877-0	198-0	1887-0	755-0	1663-0	1883-0	756-0	1903-0	199-0	1899-0	757-0
[2021-09-24T02:02:00Z DEBUG haplotyper::assemble] tig_000_042	2	524-0	1038-0	525-0	1014-0
[2021-09-24T02:02:00Z DEBUG haplotyper::assemble] tig_000_043	2	894-0	932-1	1941-0	895-1
[2021-09-24T02:02:00Z DEBUG haplotyper::assemble] tig_000_044	2	1273-0	1938-0	1012-0	1911-0
[2021-09-24T02:02:00Z DEBUG haplotyper::assemble] tig_000_045	0	1929-1
[2021-09-24T02:02:00Z DEBUG haplotyper::assemble] tig_000_046	1	1721-0	1720-0	276-0	734-0	219-0	25-0	855-0	24-1	1434-0	23-0	735-1	50-0	1639-1	1508-0	51-0	1052-1	52-0	1053-1	53-1	973-1	54-0	1739-0	452-0	1010-0	1723-0	1402-0	453-1	1403-0	454-1	45-1	1343-0	44-1	640-0	1404-1	47-0	639-0	40-1	1364-0	1481-0	1363-0	342-0	1270-0	1480-0	1269-0	1362-0	1685-1	1647-1	1268-1	1646-0	1267-0	1645-0	1266-0	1388-0	1644-1	1387-0	1579-0	1386-0	1580-0	1385-0	1350-1	1450-0	1351-1	613-1	1352-0	612-0	1728-1	611-1	1353-0	610-0	1354-0	609-1	44-0	771-1	977-1	770-1	976-0	769-1	975-0	768-0	1208-0	767-0	1535-0	1094-0	1534-0	1093-0	1092-0	1527-0	1499-0	1528-0	1180-0	1529-0	1181-0	1530-0	1182-0	1531-0	936-1	594-1	1537-1	595-1	1536-1	186-1	187-1	188-0	1300-0	1193-1	1299-0	879-1	1722-1	880-0	748-1	881-0	749-1	882-1	750-1	587-0	751-1	588-1	752-1	589-1	753-1	590-1	1216-0	758-1	619-0	759-0	618-1	760-0	617-1	854-1	616-0	853-0	1298-0	1277-0	615-0	698-1	1731-0	699-0	1577-0	1491-0	1576-0	535-1	1492-0	871-0	534-0	1024-1	533-0	1025-0	532-1	1026-1	577-0	1027-0	568-1	1265-1	569-0	570-1	1081-0	475-1	930-0	476-0	929-1	477-0	928-1	1542-0	927-1	1543-0	926-0	478-0	925-0	965-1	1023-1	269-1	1197-0	270-1	1198-0	966-1	1199-1	1105-0	1200-0	1338-0	177-1	1523-0	1288-0	1287-1	1423-1	1286-0	1424-0	1285-0	1425-0	741-1	740-0	739-0	1442-1	738-1	520-1	737-1	519-0	736-1	1517-1	1755-1	518-1	1667-0	517-0
[2021-09-24T02:02:00Z DEBUG haplotyper::assemble] tig_000_047	2	931-0	1907-0
[2021-09-24T02:02:00Z DEBUG haplotyper::assemble] tig_000_048	2	1839-0
[2021-09-24T02:02:00Z DEBUG haplotyper::assemble] tig_000_049	2	1923-0	175-0	1939-0	837-0
[2021-09-24T02:02:00Z DEBUG haplotyper::assemble] tig_000_050	1	890-0	1460-0
[2021-09-24T02:02:00Z DEBUG haplotyper::assemble] tig_000_051	2	1126-0	1856-0	1429-0
[2021-09-24T02:02:00Z DEBUG haplotyper::assemble] tig_000_052	0	583-0
[2021-09-24T02:02:00Z DEBUG haplotyper::assemble] tig_000_053	0	1454-0	1086-0
[2021-09-24T02:02:00Z DEBUG haplotyper::assemble] tig_000_054	2	1471-0	1473-0	1878-0	1344-0	1146-0	1690-0	578-0	97-0	195-0
[2021-09-24T02:02:00Z DEBUG haplotyper::assemble] tig_000_055	2	645-0
[2021-09-24T02:02:00Z DEBUG haplotyper::assemble] tig_000_056	2	803-1	1833-0
[2021-09-24T02:02:00Z DEBUG haplotyper::assemble] tig_000_057	2	804-0
[2021-09-24T02:02:00Z DEBUG haplotyper::assemble] tig_000_058	1	1618-1	1758-0	301-0	275-0	300-0	1730-0	299-0	1729-0	298-0	229-0	230-0	1734-0	231-0	1028-0	1397-0	389-0	232-0	388-0	387-0	1398-1	386-0	1435-1	1563-2	385-1	1520-2	1201-1	133-0	1673-0	134-0	1674-0	135-0	1560-1	136-1	137-1	138-1	139-1	1561-1	999-1	991-0	793-0	1512-0	1599-0	1511-1	1600-0	1510-1	234-1	1557-0	1713-1	1315-0	1316-1	236-1	1317-1	237-1	1318-1	238-0	1319-0	1203-0	1575-1	1204-0	1294-0	1205-1	1640-1	1237-0	1641-0	1209-1	1642-1	1236-1	708-1	77-1	709-0	76-0	710-1	1324-1	711-0	422-0	1691-0	421-0	1692-0	420-0	1693-0	419-0	353-0	418-0	354-1	355-0	106-1	356-0	107-1	357-0	935-1	506-1	108-0	505-1	109-0	504-0	110-0	968-1	111-1	1250-0	1144-0	969-0	1251-1	1145-0	212-1	1408-1	1568-0	1409-1	211-0	1572-1	1551-0	983-1	1550-0	210-0	1571-0	491-0	490-1	984-0	1643-0	68-0	601-1	67-0	1021-1	66-0	602-1	132-1	603-0	131-0	1091-0	130-0	1090-0	1006-0	1089-0	1007-0	1088-0	1008-0	1087-0	1009-0	1770-0	530-0	529-0	1726-0	1080-0	528-0	527-0	1662-0	526-0	604-0	1195-0	1020-0	685-0	1360-0	684-1	1194-1	1361-1	683-1	1422-1	682-0	1582-1	681-0	1581-1	1289-1	1765-1	546-2	1176-2	547-1	1445-0	1569-0	1173-2	543-0	1174-0	544-0	545-0	1175-0	546-0	1176-1	547-0	1445-2	1569-2	1173-1	543-2	1174-1	951-0	1097-1	1036-1	1033-0	1513-1	1399-0	1035-1	1096-1	1034-0	1493-0	293-0	1461-1	912-0	294-0	295-1	296-0
[2021-09-24T02:02:00Z DEBUG haplotyper::assemble] tig_000_059	1	922-0	627-1	921-0	1701-1	727-0	1702-1	920-0	955-1
[2021-09-24T02:02:00Z DEBUG haplotyper::assemble] tig_000_060	2	632-1	798-0	1002-0	1836-0	797-1
[2021-09-24T02:02:00Z DEBUG haplotyper::assemble] tig_000_061	1	252-0	251-1	1113-0	1628-1	878-0	877-1
[2021-09-24T02:02:00Z DEBUG haplotyper::assemble] tig_000_062	2	658-0	1893-0	657-0	1868-0	656-0	1891-0	1719-0	1873-0	1507-0	1888-0	1448-0
[2021-09-24T02:02:00Z DEBUG haplotyper::assemble] tig_000_063	1	841-0	1498-5	1603-1	455-0	1498-7	442-1	815-3	200-2	1248-1	1573-1	1249-0	443-0	1490-0	1824-0	444-0	1811-0	1509-0	1817-0	1184-0	1771-1	1827-0
[2021-09-24T02:02:00Z DEBUG haplotyper::assemble] tig_000_064	2	1183-0	1819-0	806-0	1829-0
[2021-09-24T02:02:00Z DEBUG haplotyper::assemble] tig_000_065	2	891-0
[2021-09-24T02:02:00Z DEBUG haplotyper::assemble] tig_000_066	2	635-0
[2021-09-24T02:02:00Z DEBUG haplotyper::assemble] tig_000_067	2	1437-0
[2021-09-24T02:02:00Z DEBUG haplotyper::assemble] tig_000_068	2	1929-0	1454-1	1086-1
[2021-09-24T02:02:00Z DEBUG haplotyper::assemble] tig_000_069	1	1618-0	1100-1	2-0	1202-0	3-0	1099-0	1563-1	385-0	1520-1	1201-0	133-1	1673-1	134-1	1674-1	135-1	1560-0	136-0	137-0	138-0	139-0	1561-0	999-0	991-1	793-1	1512-1	1599-1	1511-0	1600-1	1510-0	234-0	1557-1	1713-0	1315-1	235-0	1316-0	236-0	1317-0	237-0	1318-0	238-1	1319-1	1203-1	1575-0	1204-1	1294-1	1205-0	1640-0	1237-1	1641-1	1209-0	1642-0	1236-0	708-0	77-0	709-1	76-1	710-0	1324-0	711-1	422-1	1691-1	421-1	1692-1	420-1	1693-1	419-1	353-1	418-1	354-0	355-1	106-0	356-1	107-0	357-1	935-0	506-0	108-1	505-0	109-1	504-1	110-1	968-0	111-0	1250-1	1144-1	969-1	1251-0	1145-1	212-0	1408-0	1568-1	1409-0	211-1	1572-0	1551-1	983-0	1550-1	1740-0	1571-1	491-1	490-0	984-1	1627-0	1733-0	1566-0	334-0	1567-0	1544-0	333-0	1545-0	332-0	1546-0	331-0	1547-0	330-0	1548-0	1751-0	1549-0	1029-0	1593-0	255-0	1594-0	256-0	1559-0	641-0	1718-0	1558-0	1419-0	70-0	1418-0	69-0	600-0	68-1	601-0	67-1	1021-0	66-1	602-0	132-0	603-1	65-0	604-1	1195-1	1020-1	685-1	1360-1	684-0	1194-0	1361-0	683-0	1422-0	682-1	1582-0	681-1	1581-0	1289-0	1765-0	546-1	1176-0	547-2	1445-1	1569-1	1173-0	543-1	1174-2	951-1	1097-0	1036-0	1033-1	1513-0	1399-1	1035-0	1096-0	1034-1	1493-1	293-1	1461-0	912-1	294-1	295-0	296-1
[2021-09-24T02:02:00Z DEBUG haplotyper::assemble] tig_000_070	1	923-0	1898-0	629-0	924-0	630-0	1902-0	1256-0	1879-0	631-0	1881-0	1257-0	1901-0	967-0	1519-0	1140-0	281-0	1897-1	551-0	1870-0	1432-0	1872-1	153-1	1900-0	1449-0	1431-1	1882-0
[2021-09-24T02:02:00Z DEBUG haplotyper::assemble] tig_000_071	1	503-0	1114-1	1115-1	1376-1	1116-0	1375-0	1117-1	1516-0	1118-0	1515-1	1297-0	666-0	1296-1	665-0	1295-0	1482-1	1514-1	664-0	1227-0	663-0	91-0	1370-0	90-0	1369-1	89-1	1302-1	1228-0	1301-0	88-1	1326-0	87-1	961-1	29-0	119-0	938-1	28-1	120-1	937-0	121-1	832-1	122-1	833-1	763-0	834-1	1665-1	835-0	1591-0	836-1	1041-0	497-1	1040-1	496-0	1533-0	1757-0	1532-0	495-1	1469-0	494-0	1470-1	493-0	1472-1	1368-0	1500-1	1367-0	242-0	241-0	1366-1	240-1	239-1	653-1	249-1	652-1	1578-0	946-1	1682-1	947-0	1683-1	850-1	57-0	678-0	56-1	677-1	1254-0	1255-0	851-0	55-0	852-0	1433-0	1678-1	1708-1	1071-0	1707-1
[2021-09-24T02:02:00Z DEBUG haplotyper::assemble] tig_000_072	2	1136-0	1880-0	660-0
[2021-09-24T02:02:00Z DEBUG haplotyper::assemble] tig_000_073	2	1377-0
[2021-09-24T02:02:00Z DEBUG haplotyper::assemble] tig_000_074	1	628-0
[2021-09-24T02:02:00Z DEBUG haplotyper::assemble] tig_000_075	2	1671-0	1799-0	1479-0
[2021-09-24T02:02:00Z DEBUG haplotyper::assemble] tig_000_076	1	1541-0	1845-0	253-0	1838-1	885-0	71-1	1129-0	1849-1	185-0	1130-0	1847-0	72-0	1131-0	1842-0	73-0	1132-1	1863-1	74-0	1860-0	1383-0	1062-0	1453-0	75-0	1735-1	1384-1	1743-1	1841-0	1128-1	1844-0	1698-0	1855-0	1430-1	1852-0
[2021-09-24T02:02:00Z DEBUG haplotyper::assemble] tig_000_077	2	1001-0
[2021-09-24T02:02:00Z DEBUG haplotyper::assemble] tig_000_078	1	321-0	322-0	521-1	323-0	522-1	324-1	523-0	325-0
[2021-09-24T02:02:00Z DEBUG haplotyper::assemble] tig_000_079	0	520-0
[2021-09-24T02:02:00Z DEBUG haplotyper::assemble] tig_000_080	1	1229-1	149-1	1063-1	1796-1	1064-0	1802-0	1335-1	1801-0	1475-0	1803-1	1336-0	1797-0	1476-1
[2021-09-24T02:02:00Z DEBUG haplotyper::assemble] tig_000_081	2	1112-1
[2021-09-24T02:02:00Z DEBUG haplotyper::assemble] tig_000_082	2	1485-0	1711-0	913-0
[2021-09-24T02:02:00Z DEBUG haplotyper::assemble] tig_000_083	2	1853-0	1123-0	1861-0	1462-0	1124-0	1837-0	1428-0	1851-0	1125-0
[2021-09-24T02:02:00Z DEBUG haplotyper::assemble] tig_000_084	2	150-0
[2021-09-24T02:02:00Z DEBUG haplotyper::assemble] tig_000_085	2	1121-0	1486-0
[2021-09-24T02:02:00Z DEBUG haplotyper::assemble] tig_000_086	2	515-0	1782-0	516-1
[2021-09-24T02:02:00Z DEBUG haplotyper::assemble] tig_000_087	0	98-1
[2021-09-24T02:02:00Z DEBUG haplotyper::assemble] tig_000_088	2	933-0
[2021-09-24T02:02:00Z DEBUG haplotyper::assemble] tig_000_089	0	1347-1
[2021-09-24T02:02:00Z DEBUG haplotyper::assemble] tig_000_090	0	1812-1
[2021-09-24T02:02:00Z DEBUG haplotyper::assemble] tig_000_091	1	1466-1	511-1	794-0	512-1	513-1	514-0
[2021-09-24T02:02:00Z DEBUG haplotyper::assemble] tig_000_092	1	246-0	874-1	245-0	873-0	244-1	917-1	243-0	95-0	492-0	96-0
[2021-09-24T02:02:00Z DEBUG haplotyper::assemble] tig_000_093	1	1890-1	228-1	1867-0	918-0	1874-0	1137-0	919-0	1889-0
[2021-09-24T02:02:00Z DEBUG haplotyper::assemble] tig_000_094	1	1282-1	480-0	1281-0	481-0	482-0	1280-1	860-1	1279-1	859-1	1278-0	858-0	1401-1	857-1	1400-0	856-1	337-0	105-0	1443-1	1405-1	1133-1	1668-1	1150-1	104-0	1669-0	1151-1	103-0	1152-0	1736-0	1497-1	1737-0	1153-1	1738-1	1160-1	1688-0	1712-1	1103-1	667-0	1689-0	1447-0	1524-0	1379-1	1102-1	1378-0	1101-0	336-1	335-1	178-1	1330-0	179-1	1699-1	974-1	1329-1	1178-1	1042-0	180-1	308-1	846-0	847-0	562-0	1127-1	1583-1	563-0	384-1	564-1	383-0	507-1	382-0	565-1	1638-1	396-1	381-1	380-1	1438-1
[2021-09-24T02:02:00Z DEBUG haplotyper::assemble] tig_000_095	2	636-0	892-1	1823-0
[2021-09-24T02:02:00Z DEBUG haplotyper::assemble] tig_000_096	1	1813-1	633-0	800-1	1832-0	1314-0	1820-0	799-0	1825-1
[2021-09-24T02:02:00Z DEBUG haplotyper::assemble] tig_000_097	0	1919-0
[2021-09-24T02:02:00Z DEBUG haplotyper::assemble] tig_000_098	0	1345-0
[2021-09-24T02:02:00Z DEBUG haplotyper::assemble] tig_000_099	0	895-0	932-0	894-1
[2021-09-24T02:02:00Z DEBUG haplotyper::assemble] tig_000_100	1	1813-0	633-0	800-1	1832-0	1314-0	1820-0	799-0	1825-0
[2021-09-24T02:02:00Z DEBUG haplotyper::assemble] tig_000_101	1	819-0	1484-0	818-1	1468-0	1135-1	1134-1	472-0	1179-1	471-1	1246-0	470-0	1247-0	888-0	1245-0	469-1	1244-1	468-0	1243-1	887-0	1242-1	886-0	680-0	1043-1	679-1	1044-0	352-1	351-1	1045-1	350-1	346-0	872-0	345-1	349-1	344-1	348-0	343-1	318-2	372-1	316-0	371-0	317-1	370-1	318-3	369-1	319-0	571-0	462-0	555-0	320-1	1048-0	1018-0	1047-0	1017-0	1046-1	1374-0	227-0	1373-0	467-1	226-0	466-0	225-1	1372-1	224-0	465-1	223-1	464-1	816-0	463-1	538-0	539-1	817-0	1441-1	1238-1	914-1	1239-0	1219-1	1240-1	915-0	1241-1	916-1	1725-1	429-1	1752-1	908-1	1446-0	1331-0	909-1	1407-1	1444-1	910-1	1659-1	911-0	1660-1	865-0	1661-0	864-1	1271-1	863-1	1272-0	1703-1	1714-0	1206-1	862-1	861-1	1704-1	1715-0	326-1	1488-1	327-0	1606-0	328-1	1607-0	329-1	1526-1	1525-1	1540-1	1608-1	686-0	687-0	962-0	688-0	591-1	689-1	1217-1	690-1	1218-0	1037-1	592-1	593-0	554-1	870-0	553-0	623-1	368-0	624-1	552-0	222-0	1334-1	233-0	625-1	963-1	626-1	1333-1	1414-0	1337-1	1676-0	964-1	994-0	884-0	993-1	883-0	992-1	706-1	716-0	717-0	718-0	1327-1	719-0	1763-0	1013-0	707-0	720-0	1666-0	1390-0	1328-1	978-1	213-0	1095-0	671-0	672-0	1753-0	181-0	338-0	182-0	673-0	339-0	1768-0	1666-1	183-0	1650-0	184-0	1502-0	1415-0	1503-0	1767-0	1177-0	1416-0	1504-0	1417-0	1505-0	1724-0	1258-1	30-0	31-1	32-0	33-1	1773-0	34-0	1775-0	35-0	948-0	949-0	264-0	950-0	263-0	901-1	262-0	900-0	261-1	899-0	260-1	898-0	259-1	897-1	1349-0	1005-1	1348-1	1004-0	58-1	1003-1	59-0	1258-0	60-0	1746-0	61-0	1411-1	1192-0	1760-0	1191-1	1759-0	1613-0	1762-0	1612-0	1410-0	1506-0	358-1	1611-1	373-0	842-0	866-0	154-0	867-1	155-0	607-0	156-1	606-0	157-1	605-0	158-0	209-0	159-1	208-0	160-1	207-1	1120-1	733-0	1119-1	732-0	778-1	731-1	777-1	730-1	776-1	729-0	775-1	988-1	774-1	989-1	773-0	1358-1	483-1	1716-0	1313-1	599-0	598-1	484-1	1652-1	485-0	597-1	1754-0	596-1	1651-0	1186-1	1687-1	1303-1	436-1	982-0	435-0	981-0	434-0	980-1	433-0	979-1	987-0	405-1	432-1	406-1	742-0	407-0	743-0	408-1	744-1	409-1	745-1	410-1	746-0	725-0	747-1	726-1	1626-0	39-0	1625-1	38-1	1624-1	37-1	1623-1	795-0	36-0	361-0	998-0	1077-1	997-0	1078-0	996-0	1079-0	995-0	449-0	1748-0	448-0	1749-0	447-1	1750-1	446-0	1677-1	1709-1	1565-1	1617-0	1710-0	1616-0	1309-1	1615-0	1308-1	1590-0	651-1	62-0	650-1	63-1	64-0	649-0	789-0	648-1	790-0	647-1	791-1	1210-0	1359-0	1211-0	792-1	1212-0	1564-0	1213-0	814-1	1214-1	1054-1	1215-1	536-0	537-0	1223-0	1050-0	1106-0	1049-1	1107-0	576-0	1108-1	575-0	1109-0	574-1	1110-0	573-1	1111-0	572-1	1426-0	404-0	1098-0	721-0	676-0	722-1	675-1	723-0	674-0	724-1	123-0	124-1	125-1	126-0	127-1	1496-0	128-0	1495-0	129-1	1494-0	92-0	1292-0	93-0	1293-0	94-0	807-0	1553-1	286-1	1554-0	1595-0	1555-0	285-0	1556-1	284-1	1684-0	283-0	1697-0	282-0	1552-0	561-0	1355-1	560-0	1356-0	559-1	1190-1	715-1	1189-1	714-0	1188-0	558-0	1187-1	713-0	810-0	712-1	809-0	1924-0	808-0	1769-0	1290-0	193-0	1942-1	192-0	1909-1	191-0	1937-0	1039-0	190-0	1562-1	1905-0	189-0	1943-0	1011-0
[2021-09-24T02:02:00Z DEBUG haplotyper::assemble] tig_000_102	2	893-1	1814-0
[2021-09-24T02:02:00Z DEBUG haplotyper::assemble] tig_000_103	0	646-1	1082-0
[2021-09-24T02:02:00Z DEBUG haplotyper::assemble] tig_000_104	1	194-1	206-0	118-0
[2021-09-24T02:02:00Z DEBUG haplotyper::assemble] tig_000_105	1	1882-1	1431-0	1449-0	1900-1	153-2	1872-0	1432-1	1870-0	551-1	1897-0	281-0	1895-0	1896-0	550-0	150-1	1886-0	549-0	1139-0	1866-0	548-0	1140-1	1519-0	967-0	1901-0	1257-0	1881-0	631-0	1879-0	1256-0	1902-0	630-0	1871-0	924-0	1875-0	629-0	1898-0	923-0	1869-0	628-0	922-1	627-0	921-1	1701-0	727-1	1702-0	920-1	955-0
[2021-09-24T02:02:00Z DEBUG haplotyper::assemble] tig_000_106	0	889-1
[2021-09-24T02:02:00Z DEBUG haplotyper::assemble] tig_000_107	0	175-1	931-1
[2021-09-24T02:02:00Z DEBUG haplotyper::assemble] tig_000_108	2	1885-0	659-0	1892-0
[2021-09-24T02:02:00Z DEBUG haplotyper::assemble] tig_000_109	2	985-0
[2021-09-24T02:02:00Z DEBUG haplotyper::assemble] tig_000_110	0	1933-0
[2021-09-24T02:02:00Z DEBUG haplotyper::assemble] tig_000_111	0	1843-1
[2021-09-24T02:02:00Z DEBUG haplotyper::assemble] tig_000_112	1	1919-1	174-1
[2021-09-24T02:02:00Z DEBUG haplotyper::assemble] tig_000_113	1	877-0	878-1	1628-0	1629-0	1630-0	1631-0	304-0	783-0	305-0	784-0	306-0	785-0	307-0	786-0	292-0	787-0	291-0	788-0	290-0	700-0	289-0	701-0	288-0	702-0	287-0	703-0	1681-0	704-0	1680-0	705-0	772-0	1522-0	1696-0	843-0	303-0	844-0	1695-0	831-0	1694-0	845-0	764-0	830-0	765-0	829-0	766-0	622-0	250-0	251-0	252-1	608-1	1858-0	1541-0	1845-0	253-0	1838-0	885-1	254-0	1864-0	71-0	1129-0	1849-0	185-0	1130-0	1847-0	72-0	1131-0	73-1	1132-0	1863-0	74-0	1860-0	1383-0	1062-1	1453-0	75-0	1735-0	1384-0	1743-0	1128-0	1698-1	1430-0
[2021-09-24T02:02:00Z DEBUG haplotyper::assemble] tig_000_114	0	194-0	206-1	118-1
[2021-09-24T02:02:00Z DEBUG haplotyper::assemble] tig_000_115	0	1138-1	954-1
[2021-09-24T02:02:00Z DEBUG haplotyper::assemble] tig_000_116	0	1478-1
[2021-09-24T02:02:00Z DEBUG haplotyper::assemble] tig_000_117	0	1084-1
[2021-09-24T02:02:00Z DEBUG haplotyper::assemble] tig_000_118	2	98-0
[2021-09-24T02:02:00Z DEBUG haplotyper::assemble] tig_000_119	0	659-1
[2021-09-24T02:02:00Z DEBUG haplotyper::assemble] tig_000_120	1	1427-1	1862-1
[2021-09-24T02:02:00Z DEBUG haplotyper::assemble] tig_000_121	2	1912-0	1084-0
[2021-09-24T02:02:00Z DEBUG haplotyper::assemble] tig_000_122	1	1427-0	1862-0
[2021-09-24T02:02:00Z DEBUG haplotyper::assemble] tig_000_123	0	803-0
[2021-09-24T02:02:00Z DEBUG haplotyper::assemble] tig_000_124	2	1478-0	1800-0	1670-0
[2021-09-24T02:02:00Z DEBUG haplotyper::assemble] tig_000_125	2	990-0	1783-0
[2021-09-24T02:02:00Z DEBUG haplotyper::assemble] tig_000_126	0	1815-1
[2021-09-24T02:02:00Z DEBUG haplotyper::assemble] tig_000_127	1	1858-0	608-1
[2021-09-24T02:02:00Z DEBUG haplotyper::assemble] tig_000_128	0	1766-1
[2021-09-24T02:02:00Z DEBUG haplotyper::assemble] tig_000_129	0	893-0
[2021-09-24T02:02:00Z DEBUG haplotyper::assemble] tig_000_130	2	1910-0	646-0	1082-1
[2021-09-24T02:02:00Z DEBUG haplotyper::assemble] tig_000_131	2	1908-0	954-0	1138-0	1906-0
[2021-09-24T02:02:00Z DEBUG haplotyper::assemble] tig_000_132	0	919-0	1137-1	1874-0	918-0	1867-0	228-0	1890-0
[2021-09-24T02:02:00Z DEBUG haplotyper::assemble] tig_000_133	0	628-1
[2021-09-24T02:02:00Z DEBUG haplotyper::assemble] tig_000_134	2	1854-0	1345-1
[2021-09-24T02:02:00Z DEBUG haplotyper::assemble] tig_000_135	1	1282-0	1781-0	480-1	1281-1	481-1	482-1	1280-0	860-0	1279-0	859-0	1278-1	858-1	1401-0	857-0	1400-1	856-0	337-1	105-1	1443-0	1405-0	1133-0	1668-0	1150-0	104-1	1669-1	1151-0	103-1	1152-1	1736-1	1497-0	1737-1	1153-0	1738-0	1160-0	1688-1	1712-0	1103-0	667-1	1689-1	1447-1	1524-1	1379-0	1102-0	1378-1	1101-1	336-0	335-0	178-0	1330-1	179-0	1699-0	974-0	1329-0	1178-0	1042-1	180-0	308-0	846-1	847-0	562-1	1127-0	1583-0	563-1	384-0	564-0	383-1	507-0	382-1	565-0	1610-0	508-0	509-0	510-0	1658-0	1147-0	1657-0	1148-0	1465-0	1149-0	1464-0	1225-0	907-0	1655-0	906-0	1654-0	1224-0	1745-0	905-0	1605-0	904-0	1604-0	903-0	148-0	1635-0	147-0	1634-0	146-0	1633-0	145-0	1632-0	144-0	1235-0	143-0	868-0	869-0	1263-0	1030-0	1264-0	1031-0	363-0	1032-0	364-0	1596-0	1597-0	365-0	1598-0	366-0	1196-0	367-0	399-0	1439-0	398-0	1440-0	397-0	1638-0	396-0	381-0	380-0	1438-0
[2021-09-24T02:02:00Z DEBUG haplotyper::assemble] tig_000_136	1	1460-1	890-1	1459-0	889-0	321-0	322-0	521-0	323-0	522-0	324-0	523-1	325-1
[2021-09-24T02:02:00Z DEBUG haplotyper::assemble] tig_000_137	0	892-0	636-1
[2021-09-24T02:02:00Z DEBUG haplotyper::assemble] tig_000_138	1	819-1	1484-1	818-0	1468-1	1135-0	1134-0	472-1	1179-0	471-0	1246-1	470-1	1247-1	888-1	1245-1	469-0	1244-0	468-1	1243-0	887-1	1242-0	886-1	680-1	1043-0	679-0	1044-1	352-0	347-0	351-0	1045-0	350-0	346-1	872-1	345-0	349-0	344-0	348-1	343-0	318-1	372-0	316-1	371-1	317-0	370-0	318-0	369-0	319-1	571-1	462-1	555-1	320-0	1048-1	1018-1	1047-1	1017-1	1046-0	1727-0	1167-0	1059-0	1168-0	1058-0	1169-0	1057-0	1170-0	1056-0	1171-0	1055-0	1172-0	227-0	1373-1	467-0	226-1	466-1	225-0	1372-0	224-1	465-0	223-0	464-0	816-1	463-0	538-1	539-0	817-1	1441-0	1238-0	914-0	1239-1	1219-0	1240-0	915-1	1241-0	916-0	1725-0	429-0	1752-0	908-0	1446-1	1331-1	909-0	1407-0	1444-0	910-0	1659-0	911-1	1660-0	865-1	1661-1	864-0	1271-0	863-0	1272-1	1703-0	1714-1	1206-0	862-0	861-0	1704-0	1715-1	326-0	1488-0	327-1	1606-1	328-0	1607-1	329-0	1526-0	1525-0	1540-0	1608-0	686-1	687-1	962-1	688-1	591-0	689-0	1217-0	690-0	1218-1	1037-0	592-0	593-1	554-0	870-1	553-1	623-0	368-1	624-0	552-1	222-1	1334-0	233-1	625-0	963-0	626-0	1333-0	1414-0	1337-0	1676-1	964-0	994-1	884-1	993-0	883-0	992-0	706-0	716-1	717-1	718-1	1327-0	719-1	1763-1	1013-1	707-1	720-1	1666-2	1390-1	1328-0	978-0	213-1	1095-1	30-1	31-0	32-1	33-0	1773-1	34-1	431-0	1252-0	430-0	902-0	901-0	262-1	900-1	261-0	899-1	260-0	898-1	259-0	897-0	1349-1	1005-0	1348-0	1004-1	58-0	1003-0	59-1	1258-2	60-1	1746-1	61-1	1411-0	1192-1	1760-1	1191-0	1759-1	1613-1	1762-1	1612-1	1410-1	374-0	359-0	358-0	1611-0	373-1	842-1	866-1	154-1	867-0	155-1	607-1	156-0	606-1	157-0	605-1	158-1	209-1	159-0	208-1	160-0	207-0	1120-0	733-1	1119-0	732-1	778-0	731-0	777-0	730-0	776-0	729-1	775-0	988-0	774-0	989-0	773-1	1358-0	483-0	1716-1	1313-0	599-1	598-0	484-0	1652-0	485-1	597-0	1754-1	596-0	1651-1	1186-0	1687-0	1303-0	436-0	982-1	435-1	981-1	434-1	980-0	433-1	979-0	987-1	405-0	432-0	406-0	742-1	407-1	743-1	408-0	744-0	409-0	745-0	410-0	746-1	725-1	747-0	726-0	1626-1	39-1	1625-0	38-0	1624-0	37-0	1623-0	795-1	36-1	361-1	998-1	1077-0	997-1	1078-1	996-1	362-0	995-1	449-1	1748-1	448-1	1749-1	447-0	1750-0	446-1	1677-0	1709-0	1565-0	1617-1	1710-1	1616-1	1309-0	1615-1	1308-0	1590-1	651-0	62-1	650-0	63-0	64-1	649-1	789-1	648-0	790-1	647-0	791-0	1210-1	1359-1	1211-1	792-0	1212-1	1564-1	1213-1	814-0	1214-0	1054-0	1215-0	536-1	537-1	1223-1	1050-1	1106-1	1049-0	1107-1	576-1	1108-0	575-1	1109-1	574-0	1110-1	573-0	1111-1	572-0	1426-1	404-1	1098-1	403-0	722-0	675-0	723-1	674-1	724-0	123-1	124-0	125-0	126-1	127-0	1496-1	128-1	1495-1	129-0	1494-1	92-1	1292-1	93-1	1293-1	94-1	807-1	1553-0	286-0	1554-1	1406-0	1555-1	285-1	1556-0	284-0	1684-1	283-1	1697-1	282-1	1552-1	561-1	1355-0	560-1	1356-1	559-0	1190-0	715-0	1189-0	714-1	1188-1	558-1	1187-0	713-1	810-1	712-0	809-0	1924-0	808-0	1769-1	1290-0	193-0	1942-0	192-0	1909-0	191-1	1937-0	1039-1	190-1	1562-0	1905-0	189-0	1943-0	1011-1
[2021-09-24T02:02:00Z DEBUG haplotyper::assemble] tig_000_139	0	985-1
[2021-09-24T02:02:00Z DEBUG haplotyper::assemble] tig_000_140	0	633-0	800-0	1832-0	1314-0	1820-0	799-0	632-0	798-1	797-0
[2021-09-24T02:02:00Z DEBUG haplotyper::assemble] tig_000_141	0	1828-1
[2021-09-24T02:02:00Z DEBUG haplotyper::assemble] tig_000_142	1	514-1	513-0	512-0	794-1	511-0	1466-0
[2021-09-24T02:02:00Z DEBUG haplotyper::assemble] tig_000_143	2	1812-0
[2021-09-24T02:02:00Z DEBUG haplotyper::assemble] tig_000_144	2	1815-0
[2021-09-24T02:02:00Z DEBUG haplotyper::assemble] tig_000_145	1	1229-0	149-0	1063-0	1796-0	1064-1	1802-0	1335-0	1801-0	1475-0	1803-0	1336-1	1797-0	1476-0	1798-0
[2021-09-24T02:02:00Z DEBUG haplotyper::assemble] tig_000_146	2	1835-0	1766-0
[2021-09-24T02:02:00Z DEBUG haplotyper::assemble] tig_000_147	0	990-1
[2021-09-24T02:02:00Z DEBUG haplotyper::assemble] tig_000_148	1	1085-0
[2021-09-24T02:02:00Z DEBUG haplotyper::assemble] tig_000_149	0	1459-1
[2021-09-24T02:02:00Z DEBUG haplotyper::assemble] tig_000_150	2	1930-0	896-0	934-1	1918-0	1656-0	582-0	1921-0	1620-1	1933-1
[2021-09-24T02:02:00Z DEBUG haplotyper::assemble] tig_000_151	2	1347-0
[2021-09-24T02:02:00Z DEBUG haplotyper::assemble] tig_000_152	1	96-1	492-1	95-1	243-1	917-0	244-0	873-1	245-0	874-0	246-1
[2021-09-24T02:02:00Z DEBUG haplotyper::assemble] tig_000_153	1	1459-0
[2021-09-24T02:02:00Z DEBUG haplotyper::assemble] tig_000_154	1	1085-1
[2021-09-24T02:02:00Z DEBUG haplotyper::assemble] tig_000_155	0	608-0
[2021-09-24T02:02:00Z DEBUG haplotyper::assemble] tig_000_156	2	1848-0
[2021-09-24T02:02:00Z DEBUG haplotyper::assemble] tig_000_157	2	1828-0
[2021-09-24T02:02:00Z DEBUG haplotyper::assemble] tig_000_158	0	1771-0	806-1
[2021-09-24T02:02:00Z DEBUG haplotyper::assemble] tig_000_159	2	1843-0
[2021-09-24T02:02:00Z DEBUG haplotyper::assemble] tig_000_160	0	1848-1
[2021-09-24T02:02:00Z DEBUG haplotyper::assemble] tig_000_161	1	1771-1
